2026-10-04 16:08:16,572 INFO 待回補 1039 天（2022-09-28 ~ 2026-10-05）
2026-10-04 16:10:37,984 WARNING 抓取失敗 https://www.tpex.org.tw/www/zh-tw/afterTrading/dailyQuotes（第 1 次）：Response ended prematurely，10 秒後重試
2026-10-04 16:13:57,744 INFO 已處理 15 / 1039 天，耗時 5.9 分
2026-10-04 16:21:17,978 INFO 已處理 30 / 1039 天，耗時 13.2 分
2026-10-04 16:31:51,472 INFO 已處理 45 / 1039 天，耗時 23.8 分
2026-10-04 16:32:46,523 WARNING 抓取失敗 https://www.tpex.org.tw/www/zh-tw/afterTrading/dailyQuotes（第 1 次）：Response ended prematurely，10 秒後重試
2026-10-04 16:35:35,225 WARNING 抓取失敗 https://www.tpex.org.tw/www/zh-tw/afterTrading/dailyQuotes（第 1 次）：HTTPSConnectionPool(host='www.tpex.org.tw', port=443): Read timed out.，10 秒後重試
2026-10-04 16:35:51,843 WARNING 抓取失敗 https://www.tpex.org.tw/www/zh-tw/afterTrading/dailyQuotes（第 2 次）：Response ended prematurely，30 秒後重試
2026-10-04 16:42:10,806 INFO 已處理 60 / 1039 天，耗時 34.1 分
2026-10-04 16:44:25,251 WARNING 抓取失敗 https://www.tpex.org.tw/www/zh-tw/afterTrading/dailyQuotes（第 1 次）：Response ended prematurely，10 秒後重試
2026-10-04 16:51:04,018 INFO 已處理 75 / 1039 天，耗時 43.0 分
2026-10-04 16:57:14,250 INFO 已處理 90 / 1039 天，耗時 49.1 分
2026-10-04 17:02:46,529 INFO 已處理 105 / 1039 天，耗時 54.7 分
2026-10-04 17:08:59,586 INFO 已處理 120 / 1039 天，耗時 60.9 分
2026-10-04 17:14:21,845 INFO 已處理 135 / 1039 天，耗時 66.3 分
2026-10-04 17:20:00,409 INFO 已處理 150 / 1039 天，耗時 71.9 分
2026-10-04 17:24:24,614 INFO 已處理 165 / 1039 天，耗時 76.3 分
2026-10-04 17:29:51,025 INFO 已處理 180 / 1039 天，耗時 81.8 分
2026-10-04 17:35:18,220 INFO 已處理 195 / 1039 天，耗時 87.2 分
2026-10-04 17:41:20,354 INFO 已處理 210 / 1039 天，耗時 93.2 分
2026-10-04 17:46:58,914 INFO 已處理 225 / 1039 天，耗時 98.9 分
2026-10-04 17:47:01,600 WARNING 抓取失敗 https://www.tpex.org.tw/www/zh-tw/afterTrading/dailyQuotes（第 1 次）：Response ended prematurely，10 秒後重試
2026-10-04 17:52:47,400 INFO 已處理 240 / 1039 天，耗時 104.7 分
2026-10-04 17:58:40,438 INFO 已處理 255 / 1039 天，耗時 110.6 分
2026-10-04 18:03:57,492 INFO 已處理 270 / 1039 天，耗時 115.9 分
2026-10-04 18:11:03,323 INFO 已處理 285 / 1039 天，耗時 123.0 分
2026-10-04 18:16:16,395 INFO 已處理 300 / 1039 天，耗時 128.2 分
2026-10-04 18:20:57,753 INFO 已處理 315 / 1039 天，耗時 132.9 分
2026-10-04 18:26:17,312 INFO 已處理 330 / 1039 天，耗時 138.2 分
2026-10-04 18:31:34,029 INFO 已處理 345 / 1039 天，耗時 143.5 分
2026-10-04 18:36:19,700 INFO 已處理 360 / 1039 天，耗時 148.2 分
2026-10-04 18:40:43,478 INFO 已處理 375 / 1039 天，耗時 152.6 分
2026-10-04 18:45:21,954 INFO 已處理 390 / 1039 天，耗時 157.3 分
2026-10-04 18:51:56,940 INFO 已處理 405 / 1039 天，耗時 163.8 分
2026-10-04 18:53:17,681 WARNING 抓取失敗 https://www.tpex.org.tw/www/zh-tw/afterTrading/dailyQuotes（第 1 次）：Response ended prematurely，10 秒後重試
2026-10-04 18:57:40,409 INFO 已處理 420 / 1039 天，耗時 169.6 分
2026-10-04 19:01:09,146 INFO 已處理 435 / 1039 天，耗時 173.1 分
2026-10-04 19:06:17,639 INFO 已處理 450 / 1039 天，耗時 178.2 分
2026-10-04 19:06:54,018 WARNING 抓取失敗 https://www.tpex.org.tw/www/zh-tw/afterTrading/dailyQuotes（第 1 次）：Response ended prematurely，10 秒後重試
2026-10-04 19:10:43,207 INFO 已處理 465 / 1039 天，耗時 182.6 分
2026-10-04 19:15:10,909 INFO 已處理 480 / 1039 天，耗時 187.1 分
2026-10-04 19:19:17,150 INFO 已處理 495 / 1039 天，耗時 191.2 分
2026-10-04 19:23:28,802 INFO 已處理 510 / 1039 天，耗時 195.4 分
2026-10-04 19:27:15,112 INFO 已處理 525 / 1039 天，耗時 199.2 分
2026-10-04 19:31:40,563 INFO 已處理 540 / 1039 天，耗時 203.6 分
2026-10-04 19:36:27,203 INFO 已處理 555 / 1039 天，耗時 208.4 分
2026-10-04 19:40:38,417 INFO 已處理 570 / 1039 天，耗時 212.5 分
2026-10-04 19:45:03,658 INFO 已處理 585 / 1039 天，耗時 217.0 分
2026-10-04 19:49:07,927 INFO 已處理 600 / 1039 天，耗時 221.0 分
2026-10-04 19:53:35,349 INFO 已處理 615 / 1039 天，耗時 225.5 分
2026-10-04 19:57:45,737 INFO 已處理 630 / 1039 天，耗時 229.7 分
2026-10-04 20:01:42,594 INFO 已處理 645 / 1039 天，耗時 233.6 分
2026-10-04 20:06:15,268 INFO 已處理 660 / 1039 天，耗時 238.2 分
2026-10-04 20:10:13,286 INFO 已處理 675 / 1039 天，耗時 242.1 分
2026-10-04 20:12:54,966 INFO 已處理 690 / 1039 天，耗時 244.8 分
2026-10-04 20:17:10,502 INFO 已處理 705 / 1039 天，耗時 249.1 分
2026-10-04 20:21:20,554 INFO 已處理 720 / 1039 天，耗時 253.2 分
2026-10-04 20:25:41,835 INFO 已處理 735 / 1039 天，耗時 257.6 分
2026-10-04 20:29:47,671 INFO 已處理 750 / 1039 天，耗時 261.7 分
2026-10-04 20:34:01,173 INFO 已處理 765 / 1039 天，耗時 265.9 分
2026-10-04 20:37:46,114 INFO 已處理 780 / 1039 天，耗時 269.7 分
2026-10-04 20:41:58,475 INFO 已處理 795 / 1039 天，耗時 273.9 分
2026-10-04 20:46:17,081 INFO 已處理 810 / 1039 天，耗時 278.2 分
2026-10-04 20:50:25,724 INFO 已處理 825 / 1039 天，耗時 282.3 分
2026-10-04 20:54:31,483 INFO 已處理 840 / 1039 天，耗時 286.4 分
2026-10-04 20:58:19,924 INFO 已處理 855 / 1039 天，耗時 290.2 分
2026-10-04 21:02:32,239 INFO 已處理 870 / 1039 天，耗時 294.4 分
2026-10-04 21:06:53,592 INFO 已處理 885 / 1039 天，耗時 298.8 分
2026-10-04 21:10:38,962 INFO 已處理 900 / 1039 天，耗時 302.5 分
2026-10-04 21:14:40,089 INFO 已處理 915 / 1039 天，耗時 306.6 分
2026-10-04 21:18:30,925 INFO 已處理 930 / 1039 天，耗時 310.4 分
2026-10-04 21:22:20,727 INFO 已處理 945 / 1039 天，耗時 314.2 分
2026-10-04 21:24:47,716 INFO 已處理 960 / 1039 天，耗時 316.7 分
2026-10-04 21:28:37,807 INFO 已處理 975 / 1039 天，耗時 320.5 分
2026-10-04 21:28:38,262 INFO ## 日資料回補

本次處理 975 天，剩餘 64 天，請求 8195 次，耗時 320.5 分鐘
2026-10-04 21:28:39,761 INFO 重新觸發 backfill.yml：204 
2026-10-04 21:36:42,091 INFO ## 資料檢查報告

### 日資料

| 資料集 | 月份數 | 總筆數 | 日期範圍 | 近 20 日每日檔數（最少/中位/最多） | 缺值比例 |
|---|---|---|---|---|---|
| prices | 47 | 1,950,650 | 2022-12-27 ~ 2026-10-02 | 2328/2331/2336 | close=0.9%, volume=0.0% |
| insti | 47 | 1,829,533 | 2022-12-27 ~ 2026-10-02 | 2188/2210/2231 | foreign=0.0%, trust=0.0%, dealer=0.0% |
| margin | 47 | 1,815,521 | 2022-12-27 ~ 2026-10-02 | 2211/2213/2213 | margin_balance=0.0%, short_balance=0.0% |
| valuation | 47 | 1,693,083 | 2022-12-27 ~ 2026-10-02 | 1965/1968/1973 | pe=23.9%, pb=0.0%, dividend_yield=0.0% |
| qfii | 47 | 1,102,732 | 2022-12-27 ~ 2026-10-02 | 1328/1328/2221 | foreign_ratio=0.0% |
| exright | 50 | 4,929 | 2022-09-01 ~ 2026-10-05 | 1/4/30 | prev_close=0.0%, ref_price=0.0% |
| index | 47 | 909 | 2022-12-27 ~ 2026-10-02 | 1/1/1 | taiex=0.0%, taiex_tr=0.0% |

### 其他表

| 表 | 筆數 | 檔數 |
|---|---|---|
| income | 272,243 | 574 |
| balance | 708,527 | 576 |
| cashflow | 413,376 | 575 |
| revenue | 52,521 | 564 |
| revenue_latest | 1,977 | 1977 |
| dividend | 3,873 | 524 |
| securities | 2,419 | 2419 |
| company | 1,981 | 1981 |
| delisting | 706 | 706 |
| income_periods | 1,933 | 1933 |

### 回補進度

- 日資料：完成 909 個交易日、休市 75 天、未完成 1 天、有缺漏端點 0 天
- FinMind：完成 611 檔（全部完成：False）
- 季報補抓佇列：1933 檔
- 未完成範例：2026-10-05: {'twse_quotes': 'pending'}

### 抽樣：台積電最近 3 天

```
      date code market name   open   high    low  close     volume        value  trades  shares_issued  ref_next
2026-09-30 2330   TWSE  台積電 2495.0 2510.0 2480.0 2480.0 34282491.0 8.538853e+10 83797.0            NaN       NaN
2026-10-01 2330   TWSE  台積電 2490.0 2510.0 2485.0 2510.0 20666092.0 5.170245e+10 57634.0            NaN       NaN
2026-10-02 2330   TWSE  台積電 2505.0 2515.0 2495.0 2500.0 15792206.0 3.950816e+10 65783.0            NaN       NaN
```
