2026-10-04 16:08:14,030 INFO FinMind 待回補 1993 檔（共 1997 檔），每小時上限 600 次
2026-10-04 16:34:33,504 INFO FinMind 已處理 50 / 1993 檔，耗時 26.4 分
2026-10-04 17:00:54,267 INFO FinMind 已處理 100 / 1993 檔，耗時 52.7 分
2026-10-04 17:27:15,357 INFO FinMind 已處理 150 / 1993 檔，耗時 79.1 分
2026-10-04 17:53:38,293 INFO FinMind 已處理 200 / 1993 檔，耗時 105.4 分
2026-10-04 18:20:02,966 INFO FinMind 已處理 250 / 1993 檔，耗時 131.9 分
2026-10-04 18:46:27,543 INFO FinMind 已處理 300 / 1993 檔，耗時 158.3 分
2026-10-04 19:12:50,779 INFO FinMind 已處理 350 / 1993 檔，耗時 184.6 分
2026-10-04 19:39:14,278 INFO FinMind 已處理 400 / 1993 檔，耗時 211.0 分
2026-10-04 20:05:37,769 INFO FinMind 已處理 450 / 1993 檔，耗時 237.4 分
2026-10-04 20:32:03,419 INFO FinMind 已處理 500 / 1993 檔，耗時 263.9 分
2026-10-04 20:58:27,253 INFO FinMind 已處理 550 / 1993 檔，耗時 290.3 分
2026-10-04 21:24:51,734 INFO FinMind 已處理 600 / 1993 檔，耗時 316.7 分
2026-10-04 21:28:43,099 INFO ## FinMind 回補

本次處理 607 檔，剩餘 1386 檔，請求 3035 次，耗時 320.5 分鐘
2026-10-04 21:28:44,528 INFO 重新觸發 backfill.yml：204 
2026-10-04 21:36:42,127 INFO ## 資料檢查報告

### 日資料

| 資料集 | 月份數 | 總筆數 | 日期範圍 | 近 20 日每日檔數（最少/中位/最多） | 缺值比例 |
|---|---|---|---|---|---|
| prices | 47 | 1,950,650 | 2022-12-27 ~ 2026-10-02 | 2328/2331/2336 | close=0.9%, volume=0.0% |
| insti | 47 | 1,829,533 | 2022-12-27 ~ 2026-10-02 | 2188/2210/2231 | foreign=0.0%, trust=0.0%, dealer=0.0% |
| margin | 47 | 1,815,521 | 2022-12-27 ~ 2026-10-02 | 2211/2213/2213 | margin_balance=0.0%, short_balance=0.0% |
| valuation | 47 | 1,693,083 | 2022-12-27 ~ 2026-10-02 | 1965/1968/1973 | pe=23.9%, pb=0.0%, dividend_yield=0.0% |
| qfii | 47 | 1,102,732 | 2022-12-27 ~ 2026-10-02 | 1328/1328/2221 | foreign_ratio=0.0% |
| exright | 50 | 4,929 | 2022-09-01 ~ 2026-10-05 | 1/4/30 | prev_close=0.0%, ref_price=0.0% |
| index | 47 | 909 | 2022-12-27 ~ 2026-10-02 | 1/1/1 | taiex=0.0%, taiex_tr=0.0% |

### 其他表

| 表 | 筆數 | 檔數 |
|---|---|---|
| income | 272,243 | 574 |
| balance | 708,527 | 576 |
| cashflow | 413,376 | 575 |
| revenue | 52,521 | 564 |
| revenue_latest | 1,977 | 1977 |
| dividend | 3,873 | 524 |
| securities | 2,419 | 2419 |
| company | 1,981 | 1981 |
| delisting | 706 | 706 |
| income_periods | 1,933 | 1933 |

### 回補進度

- 日資料：完成 909 個交易日、休市 75 天、未完成 1 天、有缺漏端點 0 天
- FinMind：完成 611 檔（全部完成：False）
- 季報補抓佇列：1933 檔
- 未完成範例：2026-10-05: {'twse_quotes': 'pending'}

### 抽樣：台積電最近 3 天

```
      date code market name   open   high    low  close     volume        value  trades  shares_issued  ref_next
2026-09-30 2330   TWSE  台積電 2495.0 2510.0 2480.0 2480.0 34282491.0 8.538853e+10 83797.0            NaN       NaN
2026-10-01 2330   TWSE  台積電 2490.0 2510.0 2485.0 2510.0 20666092.0 5.170245e+10 57634.0            NaN       NaN
2026-10-02 2330   TWSE  台積電 2505.0 2515.0 2495.0 2500.0 15792206.0 3.950816e+10 65783.0            NaN       NaN
```
