2026-10-04 16:03:37,892 INFO 2026-10-05 → {'twse_quotes': 'pending'}
2026-10-04 16:03:55,710 INFO ## 每日任務 2026-10-05

| 日期 | 狀態 |
|---|---|
| 2026-10-01 | 完成 |
| 2026-10-02 | 完成 |
| 2026-10-05 | {'twse_quotes': 'pending'} |

寫入筆數：revenue=1977, income_periods=1933, qfii_tpex=892, securities=2419, company=1981, delisting=706
2026-10-04 16:04:06,218 INFO 待回補 1042 天（2022-09-28 ~ 2026-10-05）
2026-10-04 16:05:05,530 INFO ## 日資料回補

本次處理 3 天，剩餘 1039 天，請求 31 次，耗時 1.1 分鐘
2026-10-04 16:05:09,346 INFO FinMind 待回補 1995 檔（共 1997 檔），每小時上限 600 次
2026-10-04 16:06:11,066 INFO ## FinMind 回補

本次處理 2 檔，剩餘 1993 檔，請求 10 次，耗時 1.1 分鐘
2026-10-04 16:07:03,664 INFO ## 資料檢查報告

### 日資料

| 資料集 | 月份數 | 總筆數 | 日期範圍 | 近 20 日每日檔數（最少/中位/最多） | 缺值比例 |
|---|---|---|---|---|---|
| prices | 2 | 16,333 | 2026-09-22 ~ 2026-10-02 | 2331/2333/2336 | close=1.1%, volume=0.0% |
| insti | 2 | 15,504 | 2026-09-22 ~ 2026-10-02 | 2198/2219/2227 | foreign=0.0%, trust=0.0%, dealer=0.0% |
| margin | 2 | 15,483 | 2026-09-22 ~ 2026-10-02 | 2211/2212/2212 | margin_balance=0.0%, short_balance=0.0% |
| valuation | 2 | 13,792 | 2026-09-22 ~ 2026-10-02 | 1968/1970/1973 | pe=21.7%, pb=0.0%, dividend_yield=0.0% |
| qfii | 2 | 10,195 | 2026-09-22 ~ 2026-10-02 | 1329/1329/2221 | foreign_ratio=0.0% |
| exright | 50 | 4,929 | 2022-09-01 ~ 2026-10-05 | 1/4/30 | prev_close=0.0%, ref_price=0.0% |
| index | 2 | 7 | 2026-09-22 ~ 2026-10-02 | 1/1/1 | taiex=0.0%, taiex_tr=0.0% |

### 其他表

| 表 | 筆數 | 檔數 |
|---|---|---|
| income | 2,056 | 4 |
| balance | 5,957 | 4 |
| cashflow | 3,121 | 4 |
| revenue | 380 | 4 |
| revenue_latest | 1,977 | 1977 |
| dividend | 33 | 4 |
| securities | 2,419 | 2419 |
| company | 1,981 | 1981 |
| delisting | 706 | 706 |
| income_periods | 1,933 | 1933 |

### 回補進度

- 日資料：完成 7 個交易日、休市 2 天、未完成 1 天、有缺漏端點 0 天
- FinMind：完成 4 檔（全部完成：False）
- 季報補抓佇列：1933 檔
- 未完成範例：2026-10-05: {'twse_quotes': 'pending'}

### 抽樣：台積電最近 3 天

```
      date code market name   open   high    low  close     volume        value  trades  shares_issued  ref_next
2026-09-30 2330   TWSE  台積電 2495.0 2510.0 2480.0 2480.0 34282491.0 8.538853e+10 83797.0            NaN       NaN
2026-10-01 2330   TWSE  台積電 2490.0 2510.0 2485.0 2510.0 20666092.0 5.170245e+10 57634.0            NaN       NaN
2026-10-02 2330   TWSE  台積電 2505.0 2515.0 2495.0 2500.0 15792206.0 3.950816e+10 65783.0            NaN       NaN
```
