2026-10-04 21:37:07,928 INFO FinMind 待回補 1386 檔（共 1997 檔），每小時上限 600 次
2026-10-04 22:05:16,923 WARNING Supabase GET https://cmqrrravcrdirhdmtdsm.supabase.co/storage/v1/object/market-data/master/income.parquet 失敗：HTTPSConnectionPool(host='cmqrrravcrdirhdmtdsm.supabase.co', port=443): Read timed out. (read timeout=120)，重試
2026-10-04 22:05:32,460 INFO FinMind 已處理 50 / 1386 檔，耗時 28.4 分
2026-10-04 22:31:58,508 INFO FinMind 已處理 100 / 1386 檔，耗時 54.9 分
2026-10-04 22:58:24,971 INFO FinMind 已處理 150 / 1386 檔，耗時 81.3 分
2026-10-04 23:24:50,931 INFO FinMind 已處理 200 / 1386 檔，耗時 107.7 分
2026-10-04 23:51:18,117 INFO FinMind 已處理 250 / 1386 檔，耗時 134.2 分
2026-10-05 00:17:46,047 INFO FinMind 已處理 300 / 1386 檔，耗時 160.6 分
2026-10-05 00:45:54,972 WARNING Supabase GET https://cmqrrravcrdirhdmtdsm.supabase.co/storage/v1/object/market-data/master/income.parquet 失敗：HTTPSConnectionPool(host='cmqrrravcrdirhdmtdsm.supabase.co', port=443): Read timed out. (read timeout=120)，重試
2026-10-05 00:46:17,710 INFO FinMind 已處理 350 / 1386 檔，耗時 189.2 分
2026-10-05 01:14:26,730 WARNING Supabase GET https://cmqrrravcrdirhdmtdsm.supabase.co/storage/v1/object/market-data/master/income.parquet 失敗：HTTPSConnectionPool(host='cmqrrravcrdirhdmtdsm.supabase.co', port=443): Read timed out. (read timeout=120)，重試
2026-10-05 01:14:47,701 INFO FinMind 已處理 400 / 1386 檔，耗時 217.7 分
2026-10-05 01:42:56,636 WARNING Supabase GET https://cmqrrravcrdirhdmtdsm.supabase.co/storage/v1/object/market-data/master/income.parquet 失敗：HTTPSConnectionPool(host='cmqrrravcrdirhdmtdsm.supabase.co', port=443): Read timed out. (read timeout=120)，重試
2026-10-05 01:43:19,340 INFO FinMind 已處理 450 / 1386 檔，耗時 246.2 分
2026-10-05 02:11:28,309 WARNING Supabase GET https://cmqrrravcrdirhdmtdsm.supabase.co/storage/v1/object/market-data/master/income.parquet 失敗：HTTPSConnectionPool(host='cmqrrravcrdirhdmtdsm.supabase.co', port=443): Read timed out. (read timeout=120)，重試
2026-10-05 02:11:51,393 INFO FinMind 已處理 500 / 1386 檔，耗時 274.7 分
2026-10-05 02:40:00,396 WARNING Supabase GET https://cmqrrravcrdirhdmtdsm.supabase.co/storage/v1/object/market-data/master/income.parquet 失敗：HTTPSConnectionPool(host='cmqrrravcrdirhdmtdsm.supabase.co', port=443): Read timed out. (read timeout=120)，重試
2026-10-05 02:40:23,730 INFO FinMind 已處理 550 / 1386 檔，耗時 303.3 分
2026-10-05 02:59:37,228 WARNING Supabase GET https://cmqrrravcrdirhdmtdsm.supabase.co/storage/v1/object/market-data/master/income.parquet 失敗：HTTPSConnectionPool(host='cmqrrravcrdirhdmtdsm.supabase.co', port=443): Read timed out. (read timeout=120)，重試
2026-10-05 03:00:00,924 INFO ## FinMind 回補

本次處理 583 檔，剩餘 803 檔，請求 2915 次，耗時 322.9 分鐘
2026-10-05 03:00:02,375 INFO 重新觸發 backfill.yml：204 
2026-10-05 03:03:47,255 INFO ## 資料檢查報告

### 日資料

| 資料集 | 月份數 | 總筆數 | 日期範圍 | 近 20 日每日檔數（最少/中位/最多） | 缺值比例 |
|---|---|---|---|---|---|
| prices | 50 | 2,077,075 | 2022-09-28 ~ 2026-10-02 | 2328/2331/2336 | close=0.9%, volume=0.0% |
| insti | 50 | 1,942,847 | 2022-09-28 ~ 2026-10-02 | 2188/2210/2231 | foreign=0.0%, trust=0.0%, dealer=0.0% |
| margin | 50 | 1,932,940 | 2022-09-28 ~ 2026-10-02 | 2211/2213/2213 | margin_balance=0.0%, short_balance=0.0% |
| valuation | 50 | 1,804,382 | 2022-09-28 ~ 2026-10-02 | 1965/1968/1973 | pe=23.5%, pb=0.0%, dividend_yield=0.0% |
| qfii | 50 | 1,173,388 | 2022-09-28 ~ 2026-10-02 | 1328/1328/2221 | foreign_ratio=0.0% |
| exright | 50 | 9,284 | 2022-09-01 ~ 2026-10-05 | 1/7/54 | prev_close=0.0%, ref_price=0.0% |
| index | 50 | 972 | 2022-09-28 ~ 2026-10-02 | 1/1/1 | taiex=0.0%, taiex_tr=0.0% |

### 其他表

| 表 | 筆數 | 檔數 |
|---|---|---|
| income | 530,961 | 1128 |
| balance | 1,386,767 | 1132 |
| cashflow | 810,406 | 1129 |
| revenue | 103,350 | 1120 |
| revenue_latest | 1,977 | 1977 |
| dividend | 7,280 | 1015 |
| securities | 2,419 | 2419 |
| company | 1,981 | 1981 |
| delisting | 706 | 706 |
| income_periods | 1,933 | 1933 |

### 回補進度

- 日資料：完成 972 個交易日、休市 76 天、未完成 1 天、有缺漏端點 0 天
- FinMind：完成 1194 檔（全部完成：False）
- 季報補抓佇列：1933 檔
- 未完成範例：2026-10-05: {'twse_quotes': 'pending'}

### 抽樣：台積電最近 3 天

```
      date code market name   open   high    low  close     volume        value  trades  shares_issued  ref_next
2026-09-30 2330   TWSE  台積電 2495.0 2510.0 2480.0 2480.0 34282491.0 8.538853e+10 83797.0            NaN       NaN
2026-10-01 2330   TWSE  台積電 2490.0 2510.0 2485.0 2510.0 20666092.0 5.170245e+10 57634.0            NaN       NaN
2026-10-02 2330   TWSE  台積電 2505.0 2515.0 2495.0 2500.0 15792206.0 3.950816e+10 65783.0            NaN       NaN
```
