2026-10-05 03:04:15,175 INFO FinMind 待回補 803 檔（共 1997 檔），每小時上限 600 次
2026-10-05 03:30:35,144 INFO FinMind 已處理 50 / 803 檔，耗時 26.4 分
2026-10-05 03:56:57,945 INFO FinMind 已處理 100 / 803 檔，耗時 52.7 分
2026-10-05 04:25:06,920 WARNING Supabase GET https://cmqrrravcrdirhdmtdsm.supabase.co/storage/v1/object/market-data/master/income.parquet 失敗：HTTPSConnectionPool(host='cmqrrravcrdirhdmtdsm.supabase.co', port=443): Read timed out. (read timeout=120)，重試
2026-10-05 04:25:25,764 INFO FinMind 已處理 150 / 803 檔，耗時 81.2 分
2026-10-05 04:51:48,116 INFO FinMind 已處理 200 / 803 檔，耗時 107.6 分
2026-10-05 05:19:57,030 WARNING Supabase GET https://cmqrrravcrdirhdmtdsm.supabase.co/storage/v1/object/market-data/master/income.parquet 失敗：HTTPSConnectionPool(host='cmqrrravcrdirhdmtdsm.supabase.co', port=443): Read timed out. (read timeout=120)，重試
2026-10-05 05:20:15,381 INFO FinMind 已處理 250 / 803 檔，耗時 136.0 分
2026-10-05 05:48:24,312 WARNING Supabase GET https://cmqrrravcrdirhdmtdsm.supabase.co/storage/v1/object/market-data/master/income.parquet 失敗：HTTPSConnectionPool(host='cmqrrravcrdirhdmtdsm.supabase.co', port=443): Read timed out. (read timeout=120)，重試
2026-10-05 05:48:40,740 INFO FinMind 已處理 300 / 803 檔，耗時 164.5 分
2026-10-05 06:15:02,653 INFO FinMind 已處理 350 / 803 檔，耗時 190.8 分
2026-10-05 06:41:24,870 INFO FinMind 已處理 400 / 803 檔，耗時 217.2 分
2026-10-05 07:09:33,781 WARNING Supabase GET https://cmqrrravcrdirhdmtdsm.supabase.co/storage/v1/object/market-data/master/income.parquet 失敗：HTTPSConnectionPool(host='cmqrrravcrdirhdmtdsm.supabase.co', port=443): Read timed out. (read timeout=120)，重試
2026-10-05 07:09:51,840 INFO FinMind 已處理 450 / 803 檔，耗時 245.6 分
2026-10-05 07:36:13,521 INFO FinMind 已處理 500 / 803 檔，耗時 272.0 分
2026-10-05 08:04:22,464 WARNING Supabase GET https://cmqrrravcrdirhdmtdsm.supabase.co/storage/v1/object/market-data/master/income.parquet 失敗：HTTPSConnectionPool(host='cmqrrravcrdirhdmtdsm.supabase.co', port=443): Read timed out. (read timeout=120)，重試
2026-10-05 08:04:42,179 INFO FinMind 已處理 550 / 803 檔，耗時 300.5 分
2026-10-05 08:26:33,080 WARNING Supabase GET https://cmqrrravcrdirhdmtdsm.supabase.co/storage/v1/object/market-data/master/income.parquet 失敗：HTTPSConnectionPool(host='cmqrrravcrdirhdmtdsm.supabase.co', port=443): Read timed out. (read timeout=120)，重試
2026-10-05 08:26:47,318 INFO ## FinMind 回補

本次處理 588 檔，剩餘 215 檔，請求 2940 次，耗時 322.6 分鐘
2026-10-05 08:26:49,020 INFO 重新觸發 backfill.yml：204 
2026-10-05 08:29:06,069 INFO ## 資料檢查報告

### 日資料

| 資料集 | 月份數 | 總筆數 | 日期範圍 | 近 20 日每日檔數（最少/中位/最多） | 缺值比例 |
|---|---|---|---|---|---|
| prices | 50 | 2,077,075 | 2022-09-28 ~ 2026-10-02 | 2328/2331/2336 | close=0.9%, volume=0.0% |
| insti | 50 | 1,942,847 | 2022-09-28 ~ 2026-10-02 | 2188/2210/2231 | foreign=0.0%, trust=0.0%, dealer=0.0% |
| margin | 50 | 1,932,940 | 2022-09-28 ~ 2026-10-02 | 2211/2213/2213 | margin_balance=0.0%, short_balance=0.0% |
| valuation | 50 | 1,804,382 | 2022-09-28 ~ 2026-10-02 | 1965/1968/1973 | pe=23.5%, pb=0.0%, dividend_yield=0.0% |
| qfii | 50 | 1,173,388 | 2022-09-28 ~ 2026-10-02 | 1328/1328/2221 | foreign_ratio=0.0% |
| exright | 50 | 9,284 | 2022-09-01 ~ 2026-10-05 | 1/7/54 | prev_close=0.0%, ref_price=0.0% |
| index | 50 | 972 | 2022-09-28 ~ 2026-10-02 | 1/1/1 | taiex=0.0%, taiex_tr=0.0% |

### 其他表

| 表 | 筆數 | 檔數 |
|---|---|---|
| income | 779,957 | 1700 |
| balance | 2,054,144 | 1709 |
| cashflow | 1,193,562 | 1702 |
| revenue | 152,878 | 1692 |
| revenue_latest | 1,977 | 1977 |
| dividend | 10,939 | 1543 |
| securities | 2,419 | 2419 |
| company | 1,981 | 1981 |
| delisting | 706 | 706 |
| income_periods | 1,933 | 1933 |

### 回補進度

- 日資料：完成 972 個交易日、休市 76 天、未完成 1 天、有缺漏端點 0 天
- FinMind：完成 1782 檔（全部完成：False）
- 季報補抓佇列：1933 檔
- 未完成範例：2026-10-05: {'twse_quotes': 'pending'}

### 抽樣：台積電最近 3 天

```
      date code market name   open   high    low  close     volume        value  trades  shares_issued  ref_next
2026-09-30 2330   TWSE  台積電 2495.0 2510.0 2480.0 2480.0 34282491.0 8.538853e+10 83797.0            NaN       NaN
2026-10-01 2330   TWSE  台積電 2490.0 2510.0 2485.0 2510.0 20666092.0 5.170245e+10 57634.0            NaN       NaN
2026-10-02 2330   TWSE  台積電 2505.0 2515.0 2495.0 2500.0 15792206.0 3.950816e+10 65783.0            NaN       NaN
```
