2026-10-05 10:35:07,881 INFO 2026-10-05 → {'twse_quotes': 'ok', 'tpex_quotes': 'ok', 'twse_insti': 'ok', 'tpex_insti': 'ok', 'twse_margin': 'pending', 'tpex_margin': 'pending', 'twse_valuation': 'ok', 'tpex_valuation': 'ok', 'twse_qfii': 'pending'}
2026-10-05 10:36:32,752 INFO ## 每日任務 2026-10-05

| 日期 | 狀態 |
|---|---|
| 2026-09-25 | 休市 |
| 2026-09-28 | 休市 |
| 2026-09-29 | 完成 |
| 2026-09-30 | 完成 |
| 2026-10-01 | 完成 |
| 2026-10-02 | 完成 |
| 2026-10-05 | {'twse_quotes': 'ok', 'tpex_quotes': 'ok', 'twse_insti': 'ok', 'tpex_insti': 'ok', 'twse_margin': 'pending', 'tpex_margin': 'pending', 'twse_valuation': 'ok', 'tpex_valuation': 'ok', 'twse_qfii': 'pending'} |

寫入筆數：prices=2332, index=1, indices=56, insti=2227, valuation=1970, exright_twse=7, exright_tpex=11, holders=3323, revenue=1977, income_periods=1933, qfii_tpex=888, securities=2419, company=1981, delisting=706, extras_dca_rank=40, extras_tpex_insti=1, extras_tpex_daytrade=2, extras_tpex_sbl=932, extras_tpex_block=2, extras_futures=2, extras_tpex_index=3, extras_twse_extra_days=0
2026-10-05 11:18:49,116 WARNING Supabase GET https://cmqrrravcrdirhdmtdsm.supabase.co/storage/v1/object/market-data/master/income.parquet 失敗：HTTPSConnectionPool(host='cmqrrravcrdirhdmtdsm.supabase.co', port=443): Read timed out. (read timeout=120)，重試
2026-10-05 11:19:09,875 INFO ## 季報補抓

完成 96 檔，佇列剩 60 檔
2026-10-05 11:20:28,540 INFO 快照：2353 檔、117 欄，壓縮後 674 KB
2026-10-05 11:20:28,545 INFO ## 篩選快照

資料日 2026-10-05，2353 檔，117 欄
2026-10-05 11:20:46,885 INFO ## 市場總覽

資料日 2026-10-05，指數 10 項，4 KB
2026-10-05 11:23:52,456 INFO 個股檔：{'asof': '2026-10-05', 'count': 2339, 'failed': [], 'n_failed': 0, 'avg_kb': 14.9, 'total_mb': 34.1}
2026-10-05 11:23:52,509 INFO ## 個股檔

2339 檔，平均 14.9 KB，合計 34.1 MB，失敗 0 檔
2026-10-05 11:26:50,499 INFO ## 資料檢查報告

### 日資料

| 資料集 | 月份數 | 總筆數 | 日期範圍 | 近 20 日每日檔數（最少/中位/最多） | 缺值比例 |
|---|---|---|---|---|---|
| prices | 50 | 2,079,407 | 2022-09-28 ~ 2026-10-05 | 2328/2332/2336 | close=0.9%, volume=0.0% |
| insti | 50 | 1,945,074 | 2022-09-28 ~ 2026-10-05 | 2188/2210/2231 | foreign=0.0%, trust=0.0%, dealer=0.0% |
| margin | 50 | 1,932,940 | 2022-09-28 ~ 2026-10-02 | 2211/2213/2213 | margin_balance=0.0%, short_balance=0.0% |
| valuation | 50 | 1,806,352 | 2022-09-28 ~ 2026-10-05 | 1965/1969/1973 | pe=23.5%, pb=0.0%, dividend_yield=0.0% |
| qfii | 50 | 1,174,276 | 2022-09-28 ~ 2026-10-05 | 888/1328/2221 | foreign_ratio=0.0% |
| exright | 50 | 9,291 | 2022-09-01 ~ 2026-10-05 | 1/8/54 | prev_close=0.0%, ref_price=0.0% |
| index | 50 | 973 | 2022-09-28 ~ 2026-10-05 | 1/1/1 | taiex=0.0%, taiex_tr=0.0% |
| holders | 1 | 3,323 | 2026-10-02 ~ 2026-10-02 | 3323/3323/3323 |  |
| indices | 5 | 4,063 | 2026-06-01 ~ 2026-10-05 | 57/57/57 |  |
| margin_total | 5 | 70 | 2026-06-24 ~ 2026-10-02 | 1/1/1 |  |
| market_insti | 5 | 71 | 2026-06-24 ~ 2026-10-05 | 1/1/1 |  |
| daytrade | 5 | 85,217 | 2026-06-24 ~ 2026-10-02 | 1225/1230/1233 |  |
| daytrade_total | 5 | 72 | 2026-06-24 ~ 2026-10-02 | 1/1/2 |  |
| sbl | 5 | 91,247 | 2026-06-24 ~ 2026-10-02 | 1296/1296/2228 |  |
| block | 5 | 1,279 | 2026-06-24 ~ 2026-10-05 | 2/19/30 |  |
| futures | 1 | 2 | 2026-10-02 ~ 2026-10-02 | 2/2/2 |  |

### 其他表

| 表 | 筆數 | 檔數 |
|---|---|---|
| income | 879,760 | 1994 |
| balance | 2,317,367 | 2004 |
| cashflow | 1,347,437 | 1996 |
| revenue | 171,349 | 1891 |
| revenue_latest | 1,977 | 1977 |
| dividend | 12,377 | 1804 |
| securities | 2,419 | 2419 |
| company | 1,981 | 1981 |
| delisting | 706 | 706 |
| income_periods | 1,933 | 1933 |

### 回補進度

- 日資料：完成 972 個交易日、休市 76 天、未完成 1 天、有缺漏端點 0 天
- FinMind：完成 1997 檔（全部完成：True）
- 季報補抓佇列：60 檔
- 未完成範例：2026-10-05: {'twse_quotes': 'ok', 'tpex_quotes': 'ok', 'twse_insti': 'ok', 'tpex_insti': 'ok', 'twse_margin': 'pending', 'tpex_margin': 'pending', 'twse_valuation': 'ok', 'tpex_valuation': 'ok', 'twse_qfii': 'pending'}

### 抽樣：台積電最近 3 天

```
      date code market name   open   high    low  close     volume        value   trades  shares_issued  ref_next
2026-10-01 2330   TWSE  台積電 2490.0 2510.0 2485.0 2510.0 20666092.0 5.170245e+10  57634.0            NaN       NaN
2026-10-02 2330   TWSE  台積電 2505.0 2515.0 2495.0 2500.0 15792206.0 3.950816e+10  65783.0            NaN       NaN
2026-10-05 2330   TWSE  台積電 2550.0 2580.0 2545.0 2575.0 26800187.0 6.879915e+10 105264.0            NaN       NaN
```
