2026-10-06 16:56:10,442 WARNING 抓取失敗 https://www.tpex.org.tw/www/zh-tw/afterTrading/dailyQuotes（第 1 次）：('Connection broken: IncompleteRead(7276 bytes read, 916 more expected)', IncompleteRead(7276 bytes read, 916 more expected))，10 秒後重試
2026-10-06 16:56:36,684 INFO 2026-10-06 → {'twse_quotes': 'ok', 'tpex_quotes': 'ok', 'twse_insti': 'ok', 'tpex_insti': 'ok', 'twse_margin': 'ok', 'tpex_margin': 'ok', 'twse_valuation': 'ok', 'tpex_valuation': 'ok', 'twse_qfii': 'ok'}
2026-10-06 16:56:39,596 INFO 2026-10-07 → {'twse_quotes': 'pending'}
2026-10-06 16:57:48,105 INFO ## 每日任務 2026-10-07

| 日期 | 狀態 |
|---|---|
| 2026-09-28 | 休市 |
| 2026-09-29 | 完成 |
| 2026-09-30 | 完成 |
| 2026-10-01 | 完成 |
| 2026-10-02 | 完成 |
| 2026-10-05 | 完成 |
| 2026-10-06 | 完成 |
| 2026-10-07 | {'twse_quotes': 'pending'} |

寫入筆數：prices=2333, index=1, indices=56, insti=2215, margin=2212, margin_total=1, valuation=1971, qfii=1329, exright_twse=9, exright_tpex=11, holders=3323, revenue=1977, income_periods=1934, qfii_tpex=893, securities=2419, company=1982, delisting=706, extras_taiex_ohlc=4, extras_dca_rank=40, extras_tpex_insti=1, extras_tpex_daytrade=4, extras_tpex_sbl=931, extras_tpex_block=2, extras_futures=2, extras_tpex_index=4, extras_twse_extra_days=1
2026-10-06 16:58:52,848 INFO 快照：2354 檔、117 欄，壓縮後 678 KB
2026-10-06 16:58:52,853 INFO ## 篩選快照

資料日 2026-10-06，2354 檔，117 欄
2026-10-06 16:59:42,212 INFO ## 市場總覽

資料日 2026-10-06，指數 10 項，5 KB，指數歷史 191 KB
2026-10-06 17:02:41,337 INFO 個股檔：{'asof': '2026-10-06', 'count': 2340, 'failed': [], 'n_failed': 0, 'avg_kb': 15.0, 'total_mb': 34.2}
2026-10-06 17:02:41,384 INFO ## 個股檔

2340 檔，平均 15.0 KB，合計 34.2 MB，失敗 0 檔
