2026-10-06 20:25:02,972 INFO 2026-10-07 → {'twse_quotes': 'pending'}
2026-10-06 20:25:38,808 INFO ## 每日任務 2026-10-07

| 日期 | 狀態 |
|---|---|
| 2026-09-28 | 休市 |
| 2026-09-29 | 完成 |
| 2026-09-30 | 完成 |
| 2026-10-01 | 完成 |
| 2026-10-02 | 完成 |
| 2026-10-05 | 完成 |
| 2026-10-06 | 完成 |
| 2026-10-07 | {'twse_quotes': 'pending'} |

寫入筆數：holders=3323, revenue=1977, income_periods=1934, qfii_tpex=893, securities=2419, company=1982, delisting=706, extras_taiex_ohlc=4, extras_dca_rank=40, extras_tpex_insti=1, extras_tpex_daytrade=4, extras_tpex_sbl=931, extras_tpex_block=2, extras_futures=2, extras_tpex_index=4, extras_twse_extra_days=0
2026-10-06 20:31:17,234 INFO ## 季報補抓

完成 13 檔，佇列剩 0 檔
2026-10-06 20:32:24,096 INFO 快照：2354 檔、117 欄，壓縮後 679 KB
2026-10-06 20:32:24,101 INFO ## 篩選快照

資料日 2026-10-06，2354 檔，117 欄
2026-10-06 20:33:21,408 INFO ## 市場總覽

資料日 2026-10-06，指數 10 項，5 KB，指數歷史 191 KB
2026-10-06 20:37:06,745 INFO 個股檔：{'asof': '2026-10-06', 'count': 2340, 'failed': [], 'n_failed': 0, 'avg_kb': 15.0, 'total_mb': 34.2}
2026-10-06 20:37:06,801 INFO ## 個股檔

2340 檔，平均 15.0 KB，合計 34.2 MB，失敗 0 檔
2026-10-06 20:40:56,378 INFO ## 資料檢查報告

### 日資料

| 資料集 | 月份數 | 總筆數 | 日期範圍 | 近 20 日每日檔數（最少/中位/最多） | 缺值比例 |
|---|---|---|---|---|---|
| prices | 50 | 2,081,740 | 2022-09-28 ~ 2026-10-06 | 2328/2332/2336 | close=0.9%, volume=0.0% |
| insti | 50 | 1,947,289 | 2022-09-28 ~ 2026-10-06 | 2188/2212/2231 | foreign=0.0%, trust=0.0%, dealer=0.0% |
| margin | 50 | 1,937,363 | 2022-09-28 ~ 2026-10-06 | 2211/2212/2213 | margin_balance=0.0%, short_balance=0.0% |
| valuation | 50 | 1,808,323 | 2022-09-28 ~ 2026-10-06 | 1965/1969/1973 | pe=23.5%, pb=0.0%, dividend_yield=0.0% |
| qfii | 50 | 1,177,831 | 2022-09-28 ~ 2026-10-06 | 1328/1328/2222 | foreign_ratio=0.0% |
| exright | 50 | 9,293 | 2022-09-01 ~ 2026-10-06 | 1/7/54 | prev_close=0.0%, ref_price=0.0% |
| index | 50 | 974 | 2022-09-28 ~ 2026-10-06 | 1/1/1 | taiex=0.0%, taiex_tr=0.0% |
| holders | 1 | 3,323 | 2026-10-02 ~ 2026-10-02 | 3323/3323/3323 |  |
| taiex_ohlc | 49 | 971 | 2022-10-03 ~ 2026-10-06 | 1/1/1 |  |
| indices | 49 | 54,535 | 2022-10-03 ~ 2026-10-06 | 57/57/57 |  |
| margin_total | 5 | 72 | 2026-06-24 ~ 2026-10-06 | 1/1/1 |  |
| market_insti | 5 | 74 | 2026-06-24 ~ 2026-10-06 | 1/1/2 |  |
| daytrade | 5 | 87,668 | 2026-06-24 ~ 2026-10-06 | 1225/1230/1233 |  |
| daytrade_total | 5 | 76 | 2026-06-24 ~ 2026-10-06 | 1/1/2 |  |
| sbl | 5 | 95,701 | 2026-06-24 ~ 2026-10-06 | 1296/1296/2228 |  |
| block | 5 | 1,318 | 2026-06-24 ~ 2026-10-06 | 12/20/30 |  |
| futures | 1 | 4 | 2026-10-02 ~ 2026-10-05 | 2/2/2 |  |

### 其他表

| 表 | 筆數 | 檔數 |
|---|---|---|
| income | 883,196 | 2055 |
| balance | 2,326,405 | 2065 |
| cashflow | 1,352,829 | 2057 |
| revenue | 171,349 | 1891 |
| revenue_latest | 1,977 | 1977 |
| dividend | 12,448 | 1860 |
| securities | 2,419 | 2419 |
| company | 1,982 | 1982 |
| delisting | 706 | 706 |
| income_periods | 1,934 | 1934 |

### 回補進度

- 日資料：完成 974 個交易日、休市 76 天、未完成 1 天、有缺漏端點 0 天
- FinMind：完成 1997 檔（全部完成：True）
- 季報補抓佇列：0 檔
- 未完成範例：2026-10-07: {'twse_quotes': 'pending'}

### 抽樣：台積電最近 3 天

```
      date code market name   open   high    low  close     volume        value   trades  shares_issued  ref_next
2026-10-02 2330   TWSE  台積電 2505.0 2515.0 2495.0 2500.0 15792206.0 3.950816e+10  65783.0            NaN       NaN
2026-10-05 2330   TWSE  台積電 2550.0 2580.0 2545.0 2575.0 26800187.0 6.879915e+10 105264.0            NaN       NaN
2026-10-06 2330   TWSE  台積電 2575.0 2590.0 2565.0 2585.0 20801802.0 5.363915e+10  83438.0            NaN       NaN
```
