
=== dataset 6099: 景氣指標及燈號 | None | 1
 - 每月發布時回溯修正領先、同時及落後指標的歷史資料。 ZIP https://ws.ndc.gov.tw/Download.ashx?u=LzAwMS9hZG1pbmlzdHJhdG9yLzEwL3JlbGZpbGUvNTc4MS82MzkyL2VhMjM1YmQ5LWQwNTItNGE2OS1hYmZjLWQ1Yzc4NWQzZDBlMi56aXA%3d&n=5pmv5rCj5oyH5qiZ5Y%2bK54eI6JmfLnppcA%3d%3d&icon=.zip

=== dataset 31564: 臺灣景氣指標月刊 | None | 1
 - 每月更新 CSV https://ws.ndc.gov.tw/Download.ashx?u=LzAwMS9hZG1pbmlzdHJhdG9yLzEwL3JlbGZpbGUvMC85ODYyL2ZiNmYyNmZlLWE0YzctNGYzOC04M2MwLTc4NjFmYmRjZjYzZi5jc3Y%3d&n=6Ie654Gj5pmv5rCj5oyH5qiZ5pyI5YiKLmNzdg%3d%3d&icon=..csv

=== dataset 6100: 臺灣採購經理人指數 | None | 1
 - 臺灣採購經理人指數50%以上為擴張，以下為緊縮。建議以觀察趨勢為主。 CSV https://ws.ndc.gov.tw/Download.ashx?u=LzAwMS9hZG1pbmlzdHJhdG9yLzEwL3JlbGZpbGUvNTc4MS82MzkxL2JmOGE0ZWI3LTEwZmUtNGZhMC1iNjQ2LTMwZTg5MGQwMjE4YS5jc3Y%3d&n=6Ie654Gj5o6h6LO857aT55CG5Lq65oyH5pW4KHBtaeWPim5taSkuY3N2&icon=.csv

=== dataset 6098: None | None | None

search: 405 <html>
    <head>
        <title>Method not allowed</title>
        <style>
            body{
                margin:0;
                padding:30px;
                font:12px/1.5 Helvetica,Arial,Verdana,sans-serif;
            }
            h1{
                margin:0;
                font-size:48px;
                font-weight:normal;
                line-height:48px;
            }
        </style>
    </head>
    <body>
        <h1>Method not allowed</h1>
        <p>Method not allowed. Must be one of: <strong>POST</strong></p>
    </body>
</html>
