
=== https://openapi.taifex.com.tw/v1/PutCallRatio  HTTP 200  application/octet-stream  3074 bytes
rows: 20 keys: ['Date', 'PutVolume', 'CallVolume', 'PutCallVolumeRatio%', 'PutOI', 'CallOI', 'PutCallOIRatio%']
{"Date": "20261006", "PutVolume": "174220", "CallVolume": "161456", "PutCallVolumeRatio%": "107.91", "PutOI": "87176", "CallOI": "91317", "PutCallOIRatio%": "95.47"}
{"Date": "20261005", "PutVolume": "169815", "CallVolume": "166886", "PutCallVolumeRatio%": "101.76", "PutOI": "67328", "CallOI": "73226", "PutCallOIRatio%": "91.95"}
{"Date": "20261002", "PutVolume": "298761", "CallVolume": "335069", "PutCallVolumeRatio%": "89.16", "PutOI": "41414", "CallOI": "51228", "PutCallOIRatio%": "80.84"}
{"Date": "20261001", "PutVolume": "151488", "CallVolume": "166271", "PutCallVolumeRatio%": "91.11", "PutOI": "63998", "CallOI": "77538", "PutCallOIRatio%": "82.54"}

=== https://openapi.taifex.com.tw/v1/OpenInterestOfLargeTradersFutures  HTTP 200  application/octet-stream  283561 bytes
rows: 1386 keys: ['Date', 'Contract', 'ContractName', 'SettlementMonth', 'TypeOfTraders', 'Top5Buy', 'Top5Sell', 'Top10Buy', 'Top10Sell', 'OIOfMarket']
{"Date": "20261006", "Contract": "BRF", "ContractName": "布蘭特原油期貨", "SettlementMonth": "202612", "TypeOfTraders": "0", "Top5Buy": "89", "Top5Sell": "36", "Top10Buy": "89", "Top10Sell": "55", "OIOfMarket": "89"}
{"Date": "20261006", "Contract": "BRF", "ContractName": "布蘭特原油期貨", "SettlementMonth": "202612", "TypeOfTraders": "1", "Top5Buy": "0", "Top5Sell": "0", "Top10Buy": "0", "Top10Sell": "0", "OIOfMarket": "89"}
{"Date": "20261006", "Contract": "BRF", "ContractName": "布蘭特原油期貨", "SettlementMonth": "999912", "TypeOfTraders": "0", "Top5Buy": "96", "Top5Sell": "37", "Top10Buy": "97", "Top10Sell": "58", "OIOfMarket": "97"}
{"Date": "20261006", "Contract": "BRF", "ContractName": "布蘭特原油期貨", "SettlementMonth": "999912", "TypeOfTraders": "1", "Top5Buy": "0", "Top5Sell": "0", "Top10Buy": "0", "Top10Sell": "0", "OIOfMarket": "97"}
TX: {"Date": "20261006", "Contract": "TX", "ContractName": "臺股期貨(TX+MTX/4)", "SettlementMonth": "202610", "TypeOfTraders": "0", "Top5Buy": "75575", "Top5Sell": "56001", "Top10Buy": "83288", "Top10Sell": "77176", "OIOfMarket": "116751"}
TX: {"Date": "20261006", "Contract": "TX", "ContractName": "臺股期貨(TX+MTX/4)", "SettlementMonth": "666666", "TypeOfTraders": "0", "Top5Buy": "42", "Top5Sell": "45", "Top10Buy": "45", "Top10Sell": "47", "OIOfMarket": "47"}
TX: {"Date": "20261006", "Contract": "TX", "ContractName": "臺股期貨(TX+MTX/4)", "SettlementMonth": "666666", "TypeOfTraders": "1", "Top5Buy": "8", "Top5Sell": "31", "Top10Buy": "8", "Top10Sell": "31", "OIOfMarket": "47"}
TX: {"Date": "20261006", "Contract": "TX", "ContractName": "臺股期貨(TX+MTX/4)", "SettlementMonth": "202610", "TypeOfTraders": "1", "Top5Buy": "75575", "Top5Sell": "56001", "Top10Buy": "83288", "Top10Sell": "77176", "OIOfMarket": "116751"}
TX: {"Date": "20261006", "Contract": "TX", "ContractName": "臺股期貨(TX+MTX/4)", "SettlementMonth": "999912", "TypeOfTraders": "0", "Top5Buy": "75582", "Top5Sell": "57108", "Top10Buy": "83651", "Top10Sell": "79298", "OIOfMarket": "121509"}
TX: {"Date": "20261006", "Contract": "TX", "ContractName": "臺股期貨(TX+MTX/4)", "SettlementMonth": "999912", "TypeOfTraders": "1", "Top5Buy": "75582", "Top5Sell": "57108", "Top10Buy": "82375", "Top10Sell": "79298", "OIOfMarket": "121509"}

=== https://openapi.taifex.com.tw/v1/DailyForeignExchangeRates  HTTP 200  application/octet-stream  5211 bytes
rows: 24 keys: ['Date', 'USD/NTD', 'RMB/NTD', 'EUR/USD', 'USD/JPY', 'GBP/USD', 'AUD/USD', 'USD/HKD', 'USD/RMB', 'USD/ZAR', 'NZD/USD']
{"Date": "20260901", "USD/NTD": "31.633", "RMB/NTD": "4.704618", "EUR/USD": "1.1589", "USD/JPY": "159.995", "GBP/USD": "1.35315", "AUD/USD": "0.7154", "USD/HKD": "7.83995", "USD/RMB": "6.7238", "USD/ZAR": "16.15805", "NZD/USD": "0.59015"}
{"Date": "20260902", "USD/NTD": "31.728", "RMB/NTD": "4.719001", "EUR/USD": "1.15785", "USD/JPY": "159.725", "GBP/USD": "1.35115", "AUD/USD": "0.7139", "USD/HKD": "7.8427", "USD/RMB": "6.72345", "USD/ZAR": "16.14345", "NZD/USD": "0.58315"}
{"Date": "20260903", "USD/NTD": "31.755", "RMB/NTD": "4.726764", "EUR/USD": "1.16035", "USD/JPY": "157.155", "GBP/USD": "1.35015", "AUD/USD": "0.7171", "USD/HKD": "7.84105", "USD/RMB": "6.71815", "USD/ZAR": "16.0704", "NZD/USD": "0.58615"}
{"Date": "20260904", "USD/NTD": "31.63", "RMB/NTD": "4.714293", "EUR/USD": "1.16195", "USD/JPY": "156.375", "GBP/USD": "1.3535", "AUD/USD": "0.72005", "USD/HKD": "7.8408", "USD/RMB": "6.7094", "USD/ZAR": "15.9709", "NZD/USD": "0.5882"}

=== https://openapi.taifex.com.tw/v1/MarketDataOfMajorInstitutionalTradersDividedByFuturesAndOptionsBytheDate  HTTP 200  application/octet-stream  3473 bytes
rows: 3 keys: ['Date', 'Item', 'FuturesTradingVolume(Long)', 'OptionsTradingVolume(Long)', 'FuturesTradingValue(Long)(Thousands)', 'OptionsTradingValue(Long)(Thousands)', 'FuturesTradingVolume(Short)', 'OptionsTradingVolume(Short)', 'FuturesTradingValue(Short)(Thousands)', 'OptionsTradingValue(Short)(Thousands)', 'FuturesTradingVolume(Net)', 'OptionsTradingVolume(Net)', 'FuturesTradingValue(Net)(Thousands)', 'OptionsTradingValue(Net)(Thousands)', 'FuturesOpenInterest(Long)', 'OptionsOpenInterest(Long)', 'FuturesContractValueofOpenInterest(Long)(Thousands)', 'OptionsContractValueofOpenInterest(Long)(Thousands)', 'FuturesOpenInterest(Short)', 'OptionsOpenInterest(Short)', 'FuturesContractValueofOpenInterest(Short)(Thousands)', 'OptionsContractValueofOpenInterest(Short)(Thousands)', 'FuturesOpenInterest(Net)', 'OptionsOpenInterest(Net)', 'FuturesContractValueofOpenInterest(Net)(Thousands)', 'OptionsContractValueofOpenInterest(Net)(Thousands)']
{"Date": "20261006", "Item": "自營商", "FuturesTradingVolume(Long)": "48530", "OptionsTradingVolume(Long)": "86862", "FuturesTradingValue(Long)(Thousands)": "70313213", "OptionsTradingValue(Long)(Thousands)": "567059", "FuturesTradingVolume(Short)": "65925", "OptionsTradingVolume(Short)": "88089", "FuturesTradingValue(Short)(Thousands)": "75847906", "OptionsTradingValue(Short)(Thousands)": "650579", "FuturesTradingVolume(Net)": "-17395", "OptionsTradingVolume(Net)": "-1227", "FuturesTradingValue(Net)(Thousands)": "-5534693", "OptionsTradingValue(Net)(Thousands)": "-83520", "FuturesOpenInterest(Long)": "112722", "OptionsOpenInterest(Long)": "60810", "FuturesContractValueofOpenInterest(Long)(Thousands)": "79077935", "OptionsContractValueofOpenInterest(Long)(Thousands)": "2242477", "FuturesOpenInterest(Short)": "410021", "OptionsOpenInterest(Short)": "55016", "FuturesContractValueofOpenInterest(Short)(Thousands)": "368099974", "OptionsContractValueofOpenInterest(Short)(Thousands)": "1744420", "FuturesOpenInterest(Net)": "-297299", "OptionsOpenInterest(Net)": "5794", "FuturesContractValueofOpenInterest(Net)(Thousands)": "-289022039", "OptionsContractValueofOpenInterest(Net)(Thousands)": "498057"}
{"Date": "20261006", "Item": "投信", "FuturesTradingVolume(Long)": "1160", "OptionsTradingVolume(Long)": "0", "FuturesTradingValue(Long)(Thousands)": "11303034", "OptionsTradingValue(Long)(Thousands)": "0", "FuturesTradingVolume(Short)": "47", "OptionsTradingVolume(Short)": "180", "FuturesTradingValue(Short)(Thousands)": "381420", "OptionsTradingValue(Short)(Thousands)": "13223", "FuturesTradingVolume(Net)": "1113", "OptionsTradingVolume(Net)": "-180", "FuturesTradingValue(Net)(Thousands)": "10921614", "OptionsTradingValue(Net)(Thousands)": "-13223", "FuturesOpenInterest(Long)": "95564", "OptionsOpenInterest(Long)": "0", "FuturesContractValueofOpenInterest(Long)(Thousands)": "817618911", "OptionsContractValueofOpenInterest(Long)(Thousands)": "0", "FuturesOpenInterest(Short)": "3107", "OptionsOpenInterest(Short)": "8055", "FuturesContractValueofOpenInterest(Short)(Thousands)": "27821866", "OptionsContractValueofOpenInterest(Short)(Thousands)": "983310", "FuturesOpenInterest(Net)": "92457", "OptionsOpenInterest(Net)": "-8055", "FuturesContractValueofOpenInterest(Net)(Thousands)": "789797045", "OptionsContractValueofOpenInterest(Net)(Thousands)": "-983310"}
{"Date": "20261006", "Item": "外資及陸資", "FuturesTradingVolume(Long)": "415716", "OptionsTradingVolume(Long)": "109307", "FuturesTradingValue(Long)(Thousands)": "633625998", "OptionsTradingValue(Long)(Thousands)": "1149128", "FuturesTradingVolume(Short)": "439389", "OptionsTradingVolume(Short)": "110139", "FuturesTradingValue(Short)(Thousands)": "680276658", "OptionsTradingValue(Short)(Thousands)": "1158243", "FuturesTradingVolume(Net)": "-23673", "OptionsTradingVolume(Net)": "-832", "FuturesTradingValue(Net)(Thousands)": "-46650660", "OptionsTradingValue(Net)(Thousands)": "-9115", "FuturesOpenInterest(Long)": "234828", "OptionsOpenInterest(Long)": "23950", "FuturesContractValueofOpenInterest(Long)(Thousands)": "325866998", "OptionsContractValueofOpenInterest(Long)(Thousands)": "1443582", "FuturesOpenInterest(Short)": "767207", "OptionsOpenInterest(Short)": "25131", "FuturesContractValueofOpenInterest(Short)(Thousands)": "1363988607", "OptionsContractValueofOpenInterest(Short)(Thousands)": "1702796", "FuturesOpenInterest(Net)": "-532379", "OptionsOpenInterest(Net)": "-1181", "FuturesContractValueofOpenInterest(Net)(Thousands)": "-1038121609", "OptionsContractValueofOpenInterest(Net)(Thousands)": "-259214"}

=== https://openapi.taifex.com.tw/v1/MarketDataOfMajorInstitutionalTradersDetailsOfFuturesContractsBytheDate  HTTP 200  application/octet-stream  33994 bytes
rows: 66 keys: ['Date', 'ContractCode', 'Item', 'TradingVolume(Long)', 'TradingValue(Long)(Thousands)', 'TradingVolume(Short)', 'TradingValue(Short)(Thousands)', 'TradingVolume(Net)', 'TradingValue(Net)(Thousands)', 'OpenInterest(Long)', 'ContractValueofOpenInterest(Long)(Thousands)', 'OpenInterest(Short)', 'ContractValueofOpenInterest(Short)(Thousands)', 'OpenInterest(Net)', 'ContractValueofOpenInterest(Net)(Thousands)']
{"Date": "20261006", "ContractCode": "臺股期貨", "Item": "自營商", "TradingVolume(Long)": "3339", "TradingValue(Long)(Thousands)": "33386313", "TradingVolume(Short)": "3096", "TradingValue(Short)(Thousands)": "30976333", "TradingVolume(Net)": "243", "TradingValue(Net)(Thousands)": "2409980", "OpenInterest(Long)": "3067", "ContractValueofOpenInterest(Long)(Thousands)": "30757579", "OpenInterest(Short)": "4951", "ContractValueofOpenInterest(Short)(Thousands)": "49627020", "OpenInterest(Net)": "-1884", "ContractValueofOpenInterest(Net)(Thousands)": "-18869441"}
{"Date": "20261006", "ContractCode": "臺股期貨", "Item": "投信", "TradingVolume(Long)": "1099", "TradingValue(Long)(Thousands)": "11014536", "TradingVolume(Short)": "35", "TradingValue(Short)(Thousands)": "350524", "TradingVolume(Net)": "1064", "TradingValue(Net)(Thousands)": "10664012", "OpenInterest(Long)": "78956", "ContractValueofOpenInterest(Long)(Thousands)": "790854878", "OpenInterest(Short)": "2748", "ContractValueofOpenInterest(Short)(Thousands)": "27525067", "OpenInterest(Net)": "76208", "ContractValueofOpenInterest(Net)(Thousands)": "763329811"}
{"Date": "20261006", "ContractCode": "臺股期貨", "Item": "外資及陸資", "TradingVolume(Long)": "28633", "TradingValue(Long)(Thousands)": "286345523", "TradingVolume(Short)": "31112", "TradingValue(Short)(Thousands)": "311131230", "TradingVolume(Net)": "-2479", "TradingValue(Net)(Thousands)": "-24785707", "OpenInterest(Long)": "12968", "ContractValueofOpenInterest(Long)(Thousands)": "129921490", "OpenInterest(Short)": "92485", "ContractValueofOpenInterest(Short)(Thousands)": "926487705", "OpenInterest(Net)": "-79517", "ContractValueofOpenInterest(Net)(Thousands)": "-796566215"}
{"Date": "20261006", "ContractCode": "電子期貨", "Item": "自營商", "TradingVolume(Long)": "16", "TradingValue(Long)(Thousands)": "205052", "TradingVolume(Short)": "8", "TradingValue(Short)(Thousands)": "102547", "TradingVolume(Net)": "8", "TradingValue(Net)(Thousands)": "102505", "OpenInterest(Long)": "14", "ContractValueofOpenInterest(Long)(Thousands)": "179489", "OpenInterest(Short)": "228", "ContractValueofOpenInterest(Short)(Thousands)": "2921455", "OpenInterest(Net)": "-214", "ContractValueofOpenInterest(Net)(Thousands)": "-2741966"}

=== https://index.ndc.gov.tw/n/json/data/eco/indicators  HTTP 200  text/html; charset=UTF-8  22123 bytes
<!DOCTYPE html>
<html ng-app="NDCapp" lang="zh_tw">
<head>
<meta charset="utf-8">
<meta http-equiv="X-UA-Compatible" content="IE=edge" />
<meta name="csrf-token" content="InqcbSoVKoD90Xc12vahamxaUrJQDD0r3xghXIqR">
<link rel="shortcut icon" href="/n/include/images/favicon.ico">
<title>國發會-景氣指標查詢系統-景氣對策信號</title>
<link rel="stylesheet" href="/n/include/css/ndc.css?v=202603">
<link rel="stylesheet" h

=== https://index.ndc.gov.tw/n/json/lightscore  HTTP 200  text/html; charset=UTF-8  22123 bytes
<!DOCTYPE html>
<html ng-app="NDCapp" lang="zh_tw">
<head>
<meta charset="utf-8">
<meta http-equiv="X-UA-Compatible" content="IE=edge" />
<meta name="csrf-token" content="InqcbSoVKoD90Xc12vahamxaUrJQDD0r3xghXIqR">
<link rel="shortcut icon" href="/n/include/images/favicon.ico">
<title>國發會-景氣指標查詢系統-景氣對策信號</title>
<link rel="stylesheet" href="/n/include/css/ndc.css?v=202603">
<link rel="stylesheet" h
