
=== manifest.csv（489 bytes，utf-8-sig）
name,schema,description
同時指標構成項目.csv,schema-同時指標構成項目.csv,同時指標構成項目
景氣指標與燈號.csv,schema-景氣指標與燈號.csv,景氣指標與燈號
景氣對策信號構成項目.csv,schema-景氣對策信號構成項目.csv,景氣對策信號構成項目
...
景氣對策信號構成項目.csv,schema-景氣對策信號構成項目.csv,景氣對策信號構成項目
落後指標構成項目.csv,schema-落後指標構成項目.csv,落後指標構成項目
領先指標構成項目.csv,schema-領先指標構成項目.csv,領先指標構成項目

=== schema-同時指標構成項目.csv（605 bytes，utf-8-sig）
"name","title"
"Date","Date"
"工業生產指數(Index2021=100)","工業生產指數(Index2021=100)"
"電力(企業)總用電量(十億度)","電力(企業)總用電量(十億度)"
...
"工業及服務業加班工時(小時)","工業及服務業加班工時(小時)"
"海關出口值(十億元)","海關出口值(十億元)"
"機械及電機設備進口值(十億元)","機械及電機設備進口值(十億元)"

=== schema-景氣指標與燈號.csv（506 bytes，utf-8-sig）
name,title
"Date","Date"
"領先指標綜合指數","領先指標綜合指數"
"領先指標不含趨勢指數","領先指標不含趨勢指數"
...
"落後指標不含趨勢指數","落後指標不含趨勢指數"
"景氣對策信號綜合分數","景氣對策信號綜合分數"
"景氣對策信號","景氣對策信號"

=== schema-景氣對策信號構成項目.csv（650 bytes，utf-8-sig）
"name","title"
"Date","Date"
"貨幣總計數M1B(百萬元)","貨幣總計數M1B(百萬元)"
"股價指數(Index1966=100)","股價指數(Index1966=100)"
...
"機械及電機設備進口值(十億元)","機械及電機設備進口值(十億元)"
"製造業銷售量指數(Index2021=100)","製造業銷售量指數(Index2021=100)"
"批發、零售及餐飲業營業額(十億元)","批發、零售及餐飲業營業額(十億元)"

=== schema-落後指標構成項目.csv（447 bytes，utf-8-sig）
"name","title"
"Date","Date"
"失業率(%)","失業率(%)"
"製造業單位產出勞動成本指數(2021=100)","製造業單位產出勞動成本指數(2021=100)"
...
"五大銀行新承做放款平均利率(年息百分比)","五大銀行新承做放款平均利率(年息百分比)"
"全體金融機構放款與投資(10億元)","全體金融機構放款與投資(10億元)"
"製造業存貨價值(千元)","製造業存貨價值(千元)"

=== schema-領先指標構成項目.csv（632 bytes，utf-8-sig）
name,title
"Date","Date"
"外銷訂單動向指數(以家數計)","外銷訂單動向指數(以家數計)"
"貨幣總計數M1B(百萬元)","貨幣總計數M1B(百萬元)"
...
"工業及服務業受僱員工淨進入率(%)","工業及服務業受僱員工淨進入率(%)"
"建築物開工樓地板面積(住宅類住宅、商業辦公、工業倉儲)(千平方公尺)","建築物開工樓地板面積(住宅類住宅、商業辦公、工業倉儲)(千平方公尺)"
"名目半導體設備進口(新臺幣百萬元)","名目半導體設備進口(新臺幣百萬元)"

=== 同時指標構成項目.csv（26156 bytes，utf-8-sig）
"Date","工業生產指數(Index2021=100)","電力(企業)總用電量(十億度)","製造業銷售量指數(Index2021=100)","批發、零售及餐飲業營業額(十億元)","工業及服務業加班工時(小時)","海關出口值(十億元)","機械及電機設備進口值(十億元)"
198201,,2.22,12.32,,9.9,65.56,
198202,,1.93,12.82,,10.1,57.99,
198203,,2.1,14.63,,10.5,70.61,
...
202606,139,15.66,124.02,2214.460928,9.1,2356.625,1276.53
202607,143.32,15.87,126.08,2266.591161,8.9,2409.368,1240.669
202608,145.97,,,2361.956097,,2655.817,1266.488

=== 景氣指標與燈號.csv（47144 bytes，utf-8-sig）
"Date","領先指標綜合指數","領先指標不含趨勢指數","同時指標綜合指數","同時指標不含趨勢指數","落後指標綜合指數","落後指標不含趨勢指數","景氣對策信號綜合分數","景氣對策信號"
198201,12.28329451,100.3404372,13.11164891,107.1066347,13.08922753,106.9234786,-,-
198202,12.33922032,99.91716172,12.85568814,104.0990113,13.32729537,107.9178537,-,-
198203,12.38128475,99.38209488,12.63815234,101.4438883,13.43968646,107.8776403,-,-
...
202606,135.3551411,103.3155186,138.5079531,105.7225372,134.8942924,102.9642452,41,紅
202607,137.9693507,103.8779136,140.9042085,106.0881387,138.6363648,104.3806573,41,紅
202608,140.5879095,104.4086599,143.3642681,106.4711496,142.3356066,105.7072021,41,紅

=== 景氣對策信號構成項目.csv（32550 bytes，utf-8-sig）
"Date","貨幣總計數M1B(百萬元)","股價指數(Index1966=100)","工業生產指數(Index2021=100)","工業及服務業加班工時(小時)","海關出口值(十億元)","機械及電機設備進口值(十億元)","製造業銷售量指數(Index2021=100)","批發、零售及餐飲業營業額(十億元)"
198201,466246,536.75,,9.9,65.56,,12.32,
198202,451067,528.42,,10.1,57.99,,12.82,
198203,437405,497.18,,10.5,70.61,,14.63,
...
202606,30748857,45392.44762,139,9.1,2356.625,1276.53,124.02,2214.460928
202607,30530948,44366.29,143.32,8.9,2409.368,1240.669,126.08,2266.591161
202608,30750789,45124.96143,145.97,,2655.817,1266.488,,2361.956097

=== 落後指標構成項目.csv（21308 bytes，utf-8-sig）
"Date","失業率(%)","製造業單位產出勞動成本指數(2021=100)","五大銀行新承做放款平均利率(年息百分比)","全體金融機構放款與投資(10億元)","製造業存貨價值(千元)"
198201,1.36,134.67,,,160443541
198202,1.62,106.81,,,165599699
198203,1.32,93.16,,,163968623
...
202606,3.34,73.74,2.155,66561,1565452383
202607,3.39,109.43,2.167,66681,1634512034
202608,3.41,,2.187,67471,

=== 領先指標構成項目.csv（22987 bytes，utf-8-sig）
"Date","外銷訂單動向指數(以家數計)","貨幣總計數M1B(百萬元)","股價指數(Index1966=100)","工業及服務業受僱員工淨進入率(%)","建築物開工樓地板面積(住宅類住宅、商業辦公、工業倉儲)(千平方公尺)","名目半導體設備進口(新臺幣百萬元)"
198201,,466246,536.75,-0.56,,
198202,,451067,528.42,-0.56,,
198203,,437405,497.18,0.73,,
...
202606,50.34,30748857,45392.44762,0.12,1266.127,192581
202607,48.8,30530948,44366.29,0.49,1696.495,149586
202608,49.68,30750789,45124.96143,,1569.338,132457
