
===== TWSE swagger: https://openapi.twse.com.tw/v1/swagger.json
/opendata/t187ap46_L_7 上市公司企業ESG資訊揭露彙總資料-投資人溝通
/opendata/t187ap04_L 上市公司每日重大訊息
/opendata/t187ap23_L 上市公司違反資訊申報、重大訊息及說明記者會規定專區

--- https://openapi.twse.com.tw/v1/opendata/t187ap46_L_7 status=200 rows=1076
{"出表日期": "1151008", "報告年度": "114", "公司代號": "1101", "公司名稱": "台泥", "公司年度召開法說會次數(次)": "4"}
{"出表日期": "1151008", "報告年度": "114", "公司代號": "1102", "公司名稱": "亞泥", "公司年度召開法說會次數(次)": "7"}

--- https://openapi.twse.com.tw/v1/opendata/t187ap04_L status=200 rows=72
{"出表日期": "1151008", "發言日期": "1151007", "發言時間": "658", "公司代號": "6589", "公司名稱": "台康生技", "主旨 ": "本公司向歐盟藥品管理局(EMA)提交生物相似藥EG1206A\r\n(Pertuzumab Biosimilar)液體注射劑420毫克產品\r\n之上市許可申請", "符合條款": "第10款", "事實發生日": "1151006", "說明": "1.事實發生日:115/10/06\n2.研發新藥名稱或代號:\n  研發代號：EG1206A (Pertuzumab生物相似藥)\n3.用途:\n  治療HER2早期乳癌、轉移性乳癌\n4.預計進行之所有研發階段:\n  (1)人體臨床試驗審查(IND)：已申請。\n  (2)第一期臨床試驗(Phase I)：已完成。\n  (3)第三期臨床試驗(Phase III)：豁免。\n  (4)查驗登記審核(BLA/MAA)：向歐盟藥品管理局(EMA)提出產品上市申請。\n5.目前進行中之研發階段(請說明目前之研發階段係屬提出申請/通過核准/\n不通過核准，若未通過者，請說明公司所面臨之風險及因應措施；\n另請說明未來經營方向及已投入累積研發費用):\n  (1)提出申請/通過核准/不通過核准/各期人體試驗(含期中分析)結果/\n     發生其他影響新藥研發之重大事件：\n     向歐盟藥品管理局(EMA)提出生物相似藥EG1206A(Pertuzumab Biosimilar)\n  (2)未通過目的事業主管機關許可、\n     各期人體臨床試驗(含期中分析)結果未達統計上顯著意義或\n     發生其他影響新藥研發之重大事件者，\n     公司所面臨之風險及因應措施：不適用\n  (3)已通過目的事業主管機關許可、\n     各期人
{"出表日期": "1151008", "發言日期": "1151007", "發言時間": "70003", "公司代號": "6949", "公司名稱": "沛爾生醫*-創", "主旨 ": "公告本公司股票面額由「新台幣10元」變更為「新台幣0.5元」，\r\n公告期間：115年08月06日至115年11月05日。", "符合條款": "第51款", "事實發生日": "1150713", "說明": "1.事實發生日：民國115年07月13日\r\n2.公司名稱：沛爾生技醫藥股份有限公司\r\n3.與公司關係(請輸入本公司或子公司)：本公司\r\n4.相互持股比例：不適用\r\n5.發生緣由：\r\n(1)公司面額變更核准日期/事實發生日：民國115年07月13日\r\n(2)公司面額變更核准文號：經授商字第經授商字第11530095510號號函\r\n(3)董事會決議通過換股計畫書日期：民國115年08月06日\r\n(4)變更前面額：新台幣10.00\r\n(5)變更後面額：新台幣0.50\r\n(6)新股票上市買賣日及舊股票終止上市買賣日：民國115年09月07日\r\n(7)換發股票時程重大訊息公告日期：民國115年08月06日重大訊息公告\r\n6.因應措施：無。\r\n7.其他應敘明事項：一、本公司係辦理變更股票面額，每股面額由新台幣10元變更為新台幣0.5元，業經臺灣\r\n證券交易所函核准在案。\r\n二、配合面額變更，新股票上市買賣日(115年09月07日)之參考價按比例調整為舊股票\r\n最後交易日(115年8月26日)收盤價之20分之1，請投資人注意。\r\n三、股票面額變更後，每股盈餘、每股淨值及每股股價等將有所變動，參閱資訊時須留\r\n意。"}

--- https://openapi.twse.com.tw/v1/opendata/t187ap23_L status=200 rows=37
{"出表日期": "1151007", "發函日期": "1151001", "股票代號": "3027", "公司名稱": "盛達", "違規事由": "該公司115年8月13日資金貸與子公司Billion Watts Australia Pty Ltd.增加金額逾公司最近期\r\n財報淨值2％乙案，經查符合本公司「對有價證券上市公司重大訊息之查證暨公開處理程序」\r\n第4條第1項第23款情事，惟該公司遲至115年9月21日16時40分始輸入公開資訊觀測站重大訊\r\n息畫面，已違反前揭處理程序之規定，處違約金新台幣3萬元。", "違反資訊申報作業辦法條款": "", "違反重大訊息之查證暨公開處理程序條款": "4條1項23款\n", "裁罰金額(萬)": "3.0"}
{"出表日期": "1151007", "發函日期": "1150924", "股票代號": "6534", "公司名稱": "正瀚-創", "違規事由": "正瀚公司115年2月4日獲知與中華電信公司嘉義營運處民事訴訟更一審判決結果乙案，核有重大訊息處\r\n理程序第4條第1項第2款情事，惟其遲至115年9月22日17時42分始發布該則重大訊息，已違反前揭處\r\n理程序之規定。", "違反資訊申報作業辦法條款": "", "違反重大訊息之查證暨公開處理程序條款": "4條1項2款\n", "裁罰金額(萬)": "3.0"}

===== TPEx swagger: https://www.tpex.org.tw/openapi/swagger.json
/mopsfin_t187ap04_O 上櫃公司每日重大訊息
/mopsfin_t187ap23_O 上櫃公司違反資訊申報、重大訊息及說明記者會規定專區
ERR https://www.tpex.org.tw/openapi/mopsfin_t187ap04_O Expecting value: line 1 column 1 (char 0)
ERR https://www.tpex.org.tw/openapi/mopsfin_t187ap23_O Expecting value: line 1 column 1 (char 0)

===== data.gov.tw 搜尋
法人說明會 405 <html>
    <head>
        <title>Method not allowed</title>
        <style>
            body{
                margin:0;
                padding:30px;
                font:12px/1.5 Helvetica,Arial,Verdana,sans-serif;
            }
            h1{
                margin:0;
                font-size:48px;
                font-weight:normal;
                line-height:48px;
            }
        </style>
    </head>
    <body>
        <h1>Method not allowed</h1>
        <p>Method not allowed. Must be one of: <strong>POST</strong></p>
    </body>
</html>
重大訊息 405 <html>
    <head>
        <title>Method not allowed</title>
        <style>
            body{
                margin:0;
                padding:30px;
                font:12px/1.5 Helvetica,Arial,Verdana,sans-serif;
            }
            h1{
                margin:0;
                font-size:48px;
                font-weight:normal;
                line-height:48px;
            }
        </style>
    </head>
    <body>
        <h1>Method not allowed</h1>
        <p>Method not allowed. Must be one of: <strong>POST</strong></p>
    </body>
</html>
