2026-10-08 06:47:56,556 INFO 2026-10-08 → {'twse_quotes': 'ok', 'tpex_quotes': 'pending', 'twse_insti': 'pending', 'tpex_insti': 'pending', 'twse_margin': 'pending', 'tpex_margin': 'pending', 'twse_valuation': 'pending', 'tpex_valuation': 'pending', 'twse_qfii': 'pending'}
2026-10-08 06:50:12,758 INFO ## 每日任務 2026-10-08

| 日期 | 狀態 |
|---|---|
| 2026-10-05 | 完成 |
| 2026-10-06 | 完成 |
| 2026-10-07 | 完成 |
| 2026-10-08 | {'twse_quotes': 'ok', 'tpex_quotes': 'pending', 'twse_insti': 'pending', 'tpex_insti': 'pending', 'twse_margin': 'pending', 'tpex_margin': 'pending', 'twse_valuation': 'pending', 'tpex_valuation': 'pending', 'twse_qfii': 'pending'} |

寫入筆數：holders=3323, revenue=1977, income_periods=1934, qfii_tpex=893, securities=2420, company=1982, delisting=706, etf_info=271, events=105, extras_business_light=512, extras_pcr=21, extras_fut_large=1, extras_fut_insti=1, extras_fx=25, extras_taiex_ohlc=6, extras_dca_rank=40, extras_tpex_insti=1, extras_tpex_daytrade=5, extras_tpex_sbl=932, extras_tpex_block=4, extras_futures=2, extras_tpex_index=6, extras_twse_extra_days=0
2026-10-08 06:50:16,264 INFO ## 季報補抓

完成 0 檔，佇列剩 0 檔
2026-10-08 06:51:04,767 INFO 快照：2354 檔、136 欄，壓縮後 786 KB
2026-10-08 06:51:04,772 INFO ## 篩選快照

資料日 2026-10-07，2354 檔，136 欄
2026-10-08 06:52:08,925 INFO ## 市場總覽

資料日 2026-10-07，指數 10 項，5 KB，指數歷史 192 KB，重大訊息 5 KB
2026-10-08 06:54:56,118 INFO 個股檔：{'asof': '2026-10-07', 'count': 2340, 'failed': [], 'n_failed': 0, 'avg_kb': 15.0, 'total_mb': 34.3}
2026-10-08 06:54:56,161 INFO ## 個股檔

2340 檔，平均 15.0 KB，合計 34.3 MB，失敗 0 檔
{"asof":"2026-10-07","users":0,"notes":0,"telegram":0,"errors":0}
2026-10-08 06:55:49,765 INFO ## 回測資料

本次新增 0 個月、失敗 []，可回測 36/36 個月，價格檔 {2026: 1205} KB，0.8 分鐘
2026-10-08 06:58:52,022 INFO ## 資料檢查報告

### 日資料

| 資料集 | 月份數 | 總筆數 | 日期範圍 | 近 20 日每日檔數（最少/中位/最多） | 缺值比例 |
|---|---|---|---|---|---|
| prices | 50 | 2,085,396 | 2022-09-28 ~ 2026-10-08 | 1326/2331/2336 | close=0.9%, volume=0.0% |
| insti | 50 | 1,949,498 | 2022-09-28 ~ 2026-10-07 | 2188/2210/2231 | foreign=0.0%, trust=0.0%, dealer=0.0% |
| margin | 50 | 1,939,576 | 2022-09-28 ~ 2026-10-07 | 2211/2212/2213 | margin_balance=0.0%, short_balance=0.0% |
| valuation | 50 | 1,810,291 | 2022-09-28 ~ 2026-10-07 | 1965/1969/1973 | pe=23.5%, pb=0.0%, dividend_yield=0.0% |
| qfii | 50 | 1,180,053 | 2022-09-28 ~ 2026-10-07 | 1328/1329/2222 | foreign_ratio=0.0% |
| exright | 50 | 9,302 | 2022-09-01 ~ 2026-10-08 | 1/7/54 | prev_close=0.0%, ref_price=0.0% |
| index | 50 | 976 | 2022-09-28 ~ 2026-10-08 | 1/1/1 | taiex=0.0%, taiex_tr=0.0% |
| holders | 1 | 3,323 | 2026-10-02 ~ 2026-10-02 | 3323/3323/3323 |  |
| taiex_ohlc | 49 | 973 | 2022-10-03 ~ 2026-10-08 | 1/1/1 |  |
| indices | 49 | 54,649 | 2022-10-03 ~ 2026-10-08 | 57/57/57 |  |
| margin_total | 5 | 73 | 2026-06-24 ~ 2026-10-07 | 1/1/1 |  |
| market_insti | 5 | 76 | 2026-06-24 ~ 2026-10-07 | 1/1/2 |  |
| daytrade | 5 | 88,891 | 2026-06-24 ~ 2026-10-07 | 1223/1230/1233 |  |
| daytrade_total | 5 | 78 | 2026-06-24 ~ 2026-10-07 | 1/1/2 |  |
| sbl | 5 | 97,929 | 2026-06-24 ~ 2026-10-07 | 1296/1296/2228 |  |
| block | 5 | 1,345 | 2026-06-24 ~ 2026-10-07 | 12/20/30 |  |
| futures | 1 | 8 | 2026-10-02 ~ 2026-10-07 | 2/2/2 |  |
| pcr | 2 | 21 | 2026-09-07 ~ 2026-10-07 | 1/1/1 |  |
| fut_large | 1 | 2 | 2026-10-06 ~ 2026-10-07 | 1/1/1 |  |
| fut_insti | 1 | 2 | 2026-10-06 ~ 2026-10-07 | 1/1/1 |  |
| fx | 2 | 25 | 2026-09-01 ~ 2026-10-07 | 1/1/1 |  |

### 其他表

| 表 | 筆數 | 檔數 |
|---|---|---|
| income | 883,196 | 2055 |
| balance | 2,326,405 | 2065 |
| cashflow | 1,352,829 | 2057 |
| revenue | 171,349 | 1891 |
| revenue_latest | 1,977 | 1977 |
| dividend | 12,448 | 1860 |
| securities | 2,420 | 2420 |
| company | 1,982 | 1982 |
| etf_info | 271 | 271 |
| events | 105 | 82 |
| delisting | 706 | 706 |
| income_periods | 1,934 | 1934 |

### 回補進度

- 日資料：完成 975 個交易日、休市 76 天、未完成 1 天、有缺漏端點 0 天
- FinMind：完成 1997 檔（全部完成：True）
- 季報補抓佇列：0 檔
- 未完成範例：2026-10-08: {'twse_quotes': 'ok', 'tpex_quotes': 'pending', 'twse_insti': 'pending', 'tpex_insti': 'pending', 'twse_margin': 'pending', 'tpex_margin': 'pending', 'twse_valuation': 'pending', 'tpex_valuation': 'pending', 'twse_qfii': 'pending'}

### 抽樣：台積電最近 3 天

```
      date code market name   open   high    low  close     volume        value  trades  shares_issued  ref_next
2026-10-06 2330   TWSE  台積電 2575.0 2590.0 2565.0 2585.0 20801802.0 5.363915e+10 83438.0            NaN       NaN
2026-10-07 2330   TWSE  台積電 2565.0 2585.0 2560.0 2585.0 16941183.0 4.364360e+10 70880.0            NaN       NaN
2026-10-08 2330   TWSE  台積電 2550.0 2575.0 2550.0 2550.0 20154000.0 5.150892e+10 11418.0            NaN       NaN
```
