2016-10-12 tpex_insti 失敗（第 1 次）：櫃買三大法人欄位數改變：16，需要更新解析程式
2016-10-12 {'twse_quotes': 'ok', 'tpex_quotes': 'ok', 'twse_insti': 'ok', '_tries': 1, 'tpex_insti': 'error:櫃買三大法人欄位數改變：16，需要更新解析程式', 'twse_margin': 'ok', 'tpex_margin': 'ok', 'twse_valuation': 'ok', 'tpex_valuation': 'ok', 'twse_qfii': 'ok'} {'prices': 1667, 'index': 1, 'indices': 52, 'insti': 827, 'margin': 1536, 'margin_total': 1, 'valuation': 1587, 'qfii': 951}
2017-06-14 tpex_insti 失敗（第 1 次）：櫃買三大法人欄位數改變：16，需要更新解析程式
    prices ['date', 'code', 'market', 'name', 'open', 'high', 'low', 'close', 'volume', 'value', 'trades'] [{'date': Timestamp('2016-10-12 00:00:00'), 'code': '0050', 'market': 'TWSE', 'name': '元大台灣50', 'open': 71.5, 'high': 72.3, 'low': 71.35, 'close': 72.25, 'volume': 6057198.0, 'value': 435873394.0, 'trades': 1398.0}]
    index ['date', 'taiex', 'taiex_tr'] [{'date': Timestamp('2016-10-12 00:00:00'), 'taiex': 9252.6, 'taiex_tr': 15252.23}]
    indices ['date', 'name', 'market', 'close', 'chg', 'chg_pct'] [{'date': Timestamp('2016-10-12 00:00:00'), 'name': '寶島股價指數', 'market': 'TWSE', 'close': 10658.1, 'chg': 35.13, 'chg_pct': 0.33}]
    insti ['date', 'code', 'market', 'trust', 'dealer', 'total', 'foreign'] [{'date': Timestamp('2016-10-12 00:00:00'), 'code': '3474', 'market': 'TWSE', 'trust': -580000.0, 'dealer': 328000.0, 'total': 15984328.0, 'foreign': 16236328.0}]
    margin ['date', 'code', 'market', 'margin_buy', 'margin_sell', 'margin_redeem', 'margin_prev', 'margin_balance', 'short_buy', 'short_sell', 'short_redeem', 'short_prev'] [{'date': Timestamp('2016-10-12 00:00:00'), 'code': '0050', 'market': 'TWSE', 'margin_buy': 9.0, 'margin_sell': 61.0, 'margin_redeem': 0.0, 'margin_prev': 1172.0, 'margin_balance': 1120.0, 'short_buy': 0.0, 'short_sell': 8.0, 'short_redeem': 0.0, 'short_prev': 633.0, 'short_balance': 641.0, 'offset': 1.0}]
    margin_total ['date', 'market', 'margin_lots', 'margin_lots_prev', 'short_lots', 'short_lots_prev', 'margin_amount', 'margin_amount_prev'] [{'date': Timestamp('2016-10-12 00:00:00'), 'market': 'TWSE', 'margin_lots': 8643520.0, 'margin_lots_prev': 8627868.0, 'short_lots': 421685.0, 'short_lots_prev': 417740.0, 'margin_amount': 132750047000.0, 'margin_amount_prev': 132972819000.0}]
    valuation ['date', 'code', 'market', 'pe', 'dividend_yield', 'pb'] [{'date': Timestamp('2016-10-12 00:00:00'), 'code': '1101', 'market': 'TWSE', 'pe': 26.9, 'dividend_yield': 3.69, 'pb': 1.3}]
    qfii ['date', 'code', 'market', 'shares_issued', 'foreign_shares', 'foreign_ratio'] [{'date': Timestamp('2016-10-12 00:00:00'), 'code': '0050', 'market': 'TWSE', 'shares_issued': 663000000.0, 'foreign_shares': 58564374.0, 'foreign_ratio': 8.83}]
2017-06-14 {'twse_quotes': 'ok', 'tpex_quotes': 'ok', 'twse_insti': 'ok', '_tries': 1, 'tpex_insti': 'error:櫃買三大法人欄位數改變：16，需要更新解析程式', 'twse_margin': 'ok', 'tpex_margin': 'ok', 'twse_valuation': 'ok', 'tpex_valuation': 'ok', 'twse_qfii': 'ok'} {'prices': 1730, 'index': 1, 'indices': 52, 'insti': 881, 'margin': 1590, 'margin_total': 1, 'valuation': 1635, 'qfii': 987}
    prices ['date', 'code', 'market', 'name', 'open', 'high', 'low', 'close', 'volume', 'value', 'trades'] [{'date': Timestamp('2017-06-14 00:00:00'), 'code': '0050', 'market': 'TWSE', 'name': '元大台灣50', 'open': 77.4, 'high': 77.4, 'low': 76.5, 'close': 76.85, 'volume': 3380592.0, 'value': 259920485.0, 'trades': 775.0}]
    index ['date', 'taiex', 'taiex_tr'] [{'date': Timestamp('2017-06-14 00:00:00'), 'taiex': 10072.46, 'taiex_tr': 16611.94}]
    indices ['date', 'name', 'market', 'close', 'chg', 'chg_pct'] [{'date': Timestamp('2017-06-14 00:00:00'), 'name': '寶島股價指數', 'market': 'TWSE', 'close': 11560.93, 'chg': -74.34, 'chg_pct': -0.64}]
    insti ['date', 'code', 'market', 'trust', 'dealer', 'total', 'foreign'] [{'date': Timestamp('2017-06-14 00:00:00'), 'code': '00632R', 'market': 'TWSE', 'trust': 0.0, 'dealer': 21292000.0, 'total': 22057000.0, 'foreign': 765000.0}]
    margin ['date', 'code', 'market', 'margin_buy', 'margin_sell', 'margin_redeem', 'margin_prev', 'margin_balance', 'short_buy', 'short_sell', 'short_redeem', 'short_prev'] [{'date': Timestamp('2017-06-14 00:00:00'), 'code': '0050', 'market': 'TWSE', 'margin_buy': 49.0, 'margin_sell': 16.0, 'margin_redeem': 0.0, 'margin_prev': 247.0, 'margin_balance': 280.0, 'short_buy': 0.0, 'short_sell': 0.0, 'short_redeem': 0.0, 'short_prev': 129.0, 'short_balance': 129.0, 'offset': 5.0}]
    margin_total ['date', 'market', 'margin_lots', 'margin_lots_prev', 'short_lots', 'short_lots_prev', 'margin_amount', 'margin_amount_prev'] [{'date': Timestamp('2017-06-14 00:00:00'), 'market': 'TWSE', 'margin_lots': 8596217.0, 'margin_lots_prev': 8636226.0, 'short_lots': 375764.0, 'short_lots_prev': 398171.0, 'margin_amount': 142439321000.0, 'margin_amount_prev': 143528620000.0}]
    valuation ['date', 'code', 'market', 'pe', 'dividend_yield', 'pb'] [{'date': Timestamp('2017-06-14 00:00:00'), 'code': '1101', 'market': 'TWSE', 'pe': 18.12, 'dividend_yield': 4.23, 'pb': 1.17}]
    qfii ['date', 'code', 'market', 'shares_issued', 'foreign_shares', 'foreign_ratio'] [{'date': Timestamp('2017-06-14 00:00:00'), 'code': '0050', 'market': 'TWSE', 'shares_issued': 760500000.0, 'foreign_shares': 229820354.0, 'foreign_ratio': 30.21}]
2018-11-07 {'twse_quotes': 'ok', 'tpex_quotes': 'ok', 'twse_insti': 'ok', 'tpex_insti': 'ok', 'twse_margin': 'ok', 'tpex_margin': 'ok', 'twse_valuation': 'ok', 'tpex_valuation': 'ok', 'twse_qfii': 'ok'} {'prices': 1830, 'index': 1, 'indices': 52, 'insti': 1311, 'margin': 1679, 'margin_total': 1, 'valuation': 1677, 'qfii': 1041}
    prices ['date', 'code', 'market', 'name', 'open', 'high', 'low', 'close', 'volume', 'value', 'trades'] [{'date': Timestamp('2018-11-07 00:00:00'), 'code': '0050', 'market': 'TWSE', 'name': '元大台灣50', 'open': 78.2, 'high': 78.55, 'low': 78.05, 'close': 78.4, 'volume': 6194750.0, 'value': 485644361.0, 'trades': 2594.0}]
    index ['date', 'taiex', 'taiex_tr'] [{'date': Timestamp('2018-11-07 00:00:00'), 'taiex': 9908.35, 'taiex_tr': 17676.68}]
    indices ['date', 'name', 'market', 'close', 'chg', 'chg_pct'] [{'date': Timestamp('2018-11-07 00:00:00'), 'name': '寶島股價指數', 'market': 'TWSE', 'close': 11264.88, 'chg': 103.43, 'chg_pct': 0.93}]
    insti ['date', 'code', 'market', 'trust', 'dealer', 'total', 'foreign'] [{'date': Timestamp('2018-11-07 00:00:00'), 'code': '00637L', 'market': 'TWSE', 'trust': 0.0, 'dealer': 15838000.0, 'total': 32744000.0, 'foreign': 16906000.0}]
    margin ['date', 'code', 'market', 'margin_buy', 'margin_sell', 'margin_redeem', 'margin_prev', 'margin_balance', 'short_buy', 'short_sell', 'short_redeem', 'short_prev'] [{'date': Timestamp('2018-11-07 00:00:00'), 'code': '0050', 'market': 'TWSE', 'margin_buy': 184.0, 'margin_sell': 183.0, 'margin_redeem': 7.0, 'margin_prev': 3654.0, 'margin_balance': 3648.0, 'short_buy': 5.0, 'short_sell': 18.0, 'short_redeem': 0.0, 'short_prev': 1186.0, 'short_balance': 1199.0, 'offset': 0.0}]
    margin_total ['date', 'market', 'margin_lots', 'margin_lots_prev', 'short_lots', 'short_lots_prev', 'margin_amount', 'margin_amount_prev'] [{'date': Timestamp('2018-11-07 00:00:00'), 'market': 'TWSE', 'margin_lots': 7203019.0, 'margin_lots_prev': 7200184.0, 'short_lots': 570897.0, 'short_lots_prev': 562977.0, 'margin_amount': 125423450000.0, 'margin_amount_prev': 125479440000.0}]
    valuation ['date', 'code', 'market', 'pe', 'dividend_yield', 'pb'] [{'date': Timestamp('2018-11-07 00:00:00'), 'code': '1101', 'market': 'TWSE', 'pe': 10.29, 'dividend_yield': 7.04, 'pb': 1.0}]
    qfii ['date', 'code', 'market', 'shares_issued', 'foreign_shares', 'foreign_ratio'] [{'date': Timestamp('2018-11-07 00:00:00'), 'code': '0050', 'market': 'TWSE', 'shares_issued': 806000000.0, 'foreign_shares': 0.0, 'foreign_ratio': 0.0}]
2019-08-14 {'twse_quotes': 'ok', 'tpex_quotes': 'ok', 'twse_insti': 'ok', 'tpex_insti': 'ok', 'twse_margin': 'ok', 'tpex_margin': 'ok', 'twse_valuation': 'ok', 'tpex_valuation': 'ok', 'twse_qfii': 'ok'} {'prices': 1915, 'index': 1, 'indices': 51, 'insti': 1542, 'margin': 1770, 'margin_total': 1, 'valuation': 1703, 'qfii': 1062}
    prices ['date', 'code', 'market', 'name', 'open', 'high', 'low', 'close', 'volume', 'value', 'trades'] [{'date': Timestamp('2019-08-14 00:00:00'), 'code': '0050', 'market': 'TWSE', 'name': '元大台灣50', 'open': 80.7, 'high': 80.8, 'low': 80.3, 'close': 80.3, 'volume': 7382138.0, 'value': 595173755.0, 'trades': 3019.0}]
    index ['date', 'taiex', 'taiex_tr'] [{'date': Timestamp('2019-08-14 00:00:00'), 'taiex': 10427.73, 'taiex_tr': 19306.45}]
    indices ['date', 'name', 'market', 'close', 'chg', 'chg_pct'] [{'date': Timestamp('2019-08-14 00:00:00'), 'name': '寶島股價指數', 'market': 'TWSE', 'close': 11951.92, 'chg': 70.16, 'chg_pct': 0.59}]
    insti ['date', 'code', 'market', 'trust', 'dealer', 'total', 'foreign'] [{'date': Timestamp('2019-08-14 00:00:00'), 'code': '00672L', 'market': 'TWSE', 'trust': 0.0, 'dealer': 68788000.0, 'total': 91779000.0, 'foreign': 22991000.0}]
    margin ['date', 'code', 'market', 'margin_buy', 'margin_sell', 'margin_redeem', 'margin_prev', 'margin_balance', 'short_buy', 'short_sell', 'short_redeem', 'short_prev'] [{'date': Timestamp('2019-08-14 00:00:00'), 'code': '0050', 'market': 'TWSE', 'margin_buy': 51.0, 'margin_sell': 145.0, 'margin_redeem': 0.0, 'margin_prev': 1190.0, 'margin_balance': 1096.0, 'short_buy': 1.0, 'short_sell': 2.0, 'short_redeem': 0.0, 'short_prev': 47.0, 'short_balance': 48.0, 'offset': 0.0}]
    margin_total ['date', 'market', 'margin_lots', 'margin_lots_prev', 'short_lots', 'short_lots_prev', 'margin_amount', 'margin_amount_prev'] [{'date': Timestamp('2019-08-14 00:00:00'), 'market': 'TWSE', 'margin_lots': 7178014.0, 'margin_lots_prev': 7167135.0, 'short_lots': 428810.0, 'short_lots_prev': 421627.0, 'margin_amount': 129080105000.0, 'margin_amount_prev': 128854834000.0}]
    valuation ['date', 'code', 'market', 'pe', 'dividend_yield', 'pb'] [{'date': Timestamp('2019-08-14 00:00:00'), 'code': '1101', 'market': 'TWSE', 'pe': 9.08, 'dividend_yield': 10.47, 'pb': 1.1}]
    qfii ['date', 'code', 'market', 'shares_issued', 'foreign_shares', 'foreign_ratio'] [{'date': Timestamp('2019-08-14 00:00:00'), 'code': '0050', 'market': 'TWSE', 'shares_issued': 1499000000.0, 'foreign_shares': 874355937.0, 'foreign_ratio': 58.32}]
2020-03-18 {'twse_quotes': 'ok', 'tpex_quotes': 'ok', 'twse_insti': 'ok', 'tpex_insti': 'ok', 'twse_margin': 'ok', 'tpex_margin': 'ok', 'twse_valuation': 'ok', 'tpex_valuation': 'ok', 'twse_qfii': 'ok'} {'prices': 1948, 'index': 1, 'indices': 52, 'insti': 1686, 'margin': 1799, 'margin_total': 1, 'valuation': 1716, 'qfii': 1072}
    prices ['date', 'code', 'market', 'name', 'open', 'high', 'low', 'close', 'volume', 'value', 'trades'] [{'date': Timestamp('2020-03-18 00:00:00'), 'code': '0050', 'market': 'TWSE', 'name': '元大台灣50', 'open': 74.95, 'high': 75.25, 'low': 72.8, 'close': 72.8, 'volume': 46790503.0, 'value': 3463425684.0, 'trades': 23021.0}]
    index ['date', 'taiex', 'taiex_tr'] [{'date': Timestamp('2020-03-18 00:00:00'), 'taiex': 9218.67, 'taiex_tr': 17192.79}]
    indices ['date', 'name', 'market', 'close', 'chg', 'chg_pct'] [{'date': Timestamp('2020-03-18 00:00:00'), 'name': '寶島股價指數', 'market': 'TWSE', 'close': 10492.93, 'chg': -243.23, 'chg_pct': -2.27}]
    insti ['date', 'code', 'market', 'trust', 'dealer', 'total', 'foreign'] [{'date': Timestamp('2020-03-18 00:00:00'), 'code': '00677U', 'market': 'TWSE', 'trust': 0.0, 'dealer': 119824000.0, 'total': 160487000.0, 'foreign': 40663000.0}]
    margin ['date', 'code', 'market', 'margin_buy', 'margin_sell', 'margin_redeem', 'margin_prev', 'margin_balance', 'short_buy', 'short_sell', 'short_redeem', 'short_prev'] [{'date': Timestamp('2020-03-18 00:00:00'), 'code': '0050', 'market': 'TWSE', 'margin_buy': 868.0, 'margin_sell': 340.0, 'margin_redeem': 0.0, 'margin_prev': 4314.0, 'margin_balance': 4842.0, 'short_buy': 113.0, 'short_sell': 941.0, 'short_redeem': 0.0, 'short_prev': 882.0, 'short_balance': 1710.0, 'offset': 114.0}]
    margin_total ['date', 'market', 'margin_lots', 'margin_lots_prev', 'short_lots', 'short_lots_prev', 'margin_amount', 'margin_amount_prev'] [{'date': Timestamp('2020-03-18 00:00:00'), 'market': 'TWSE', 'margin_lots': 5713923.0, 'margin_lots_prev': 5828986.0, 'short_lots': 561779.0, 'short_lots_prev': 604834.0, 'margin_amount': 104665406000.0, 'margin_amount_prev': 107945457000.0}]
    valuation ['date', 'code', 'market', 'pe', 'dividend_yield', 'pb'] [{'date': Timestamp('2020-03-18 00:00:00'), 'code': '1101', 'market': 'TWSE', 'pe': 8.87, 'dividend_yield': 11.14, 'pb': 1.11}]
    qfii ['date', 'code', 'market', 'shares_issued', 'foreign_shares', 'foreign_ratio'] [{'date': Timestamp('2020-03-18 00:00:00'), 'code': '0050', 'market': 'TWSE', 'shares_issued': 1045500000.0, 'foreign_shares': 83586177.0, 'foreign_ratio': 7.99}]
2021-05-19 {'twse_quotes': 'ok', 'tpex_quotes': 'ok', 'twse_insti': 'ok', 'tpex_insti': 'ok', 'twse_margin': 'ok', 'tpex_margin': 'ok', 'twse_valuation': 'ok', 'tpex_valuation': 'ok', 'twse_qfii': 'ok'} {'prices': 1964, 'index': 1, 'indices': 52, 'insti': 1785, 'margin': 1815, 'margin_total': 1, 'valuation': 1735, 'qfii': 1082}
    prices ['date', 'code', 'market', 'name', 'open', 'high', 'low', 'close', 'volume', 'value', 'trades'] [{'date': Timestamp('2021-05-19 00:00:00'), 'code': '0050', 'market': 'TWSE', 'name': '元大台灣50', 'open': 132.2, 'high': 132.65, 'low': 130.5, 'close': 131.4, 'volume': 17193723.0, 'value': 2261698330.0, 'trades': 17676.0}]
    index ['date', 'taiex', 'taiex_tr'] [{'date': Timestamp('2021-05-19 00:00:00'), 'taiex': 16132.66, 'taiex_tr': 31204.65}]
    indices ['date', 'name', 'market', 'close', 'chg', 'chg_pct'] [{'date': Timestamp('2021-05-19 00:00:00'), 'name': '寶島股價指數', 'market': 'TWSE', 'close': 18308.27, 'chg': -12.82, 'chg_pct': -0.07}]
    insti ['date', 'code', 'market', 'trust', 'dealer', 'total', 'foreign'] [{'date': Timestamp('2021-05-19 00:00:00'), 'code': '00677U', 'market': 'TWSE', 'trust': 0.0, 'dealer': 72545000.0, 'total': 79742000.0, 'foreign': 7197000.0}]
    margin ['date', 'code', 'market', 'margin_buy', 'margin_sell', 'margin_redeem', 'margin_prev', 'margin_balance', 'short_buy', 'short_sell', 'short_redeem', 'short_prev'] [{'date': Timestamp('2021-05-19 00:00:00'), 'code': '0050', 'market': 'TWSE', 'margin_buy': 51.0, 'margin_sell': 123.0, 'margin_redeem': 0.0, 'margin_prev': 1239.0, 'margin_balance': 1167.0, 'short_buy': 27.0, 'short_sell': 20.0, 'short_redeem': 0.0, 'short_prev': 171.0, 'short_balance': 164.0, 'offset': 11.0}]
    margin_total ['date', 'market', 'margin_lots', 'margin_lots_prev', 'short_lots', 'short_lots_prev', 'margin_amount', 'margin_amount_prev'] [{'date': Timestamp('2021-05-19 00:00:00'), 'market': 'TWSE', 'margin_lots': 8338619.0, 'margin_lots_prev': 8326158.0, 'short_lots': 501765.0, 'short_lots_prev': 457947.0, 'margin_amount': 218632614000.0, 'margin_amount_prev': 216266426000.0}]
    valuation ['date', 'code', 'market', 'pe', 'dividend_yield', 'pb'] [{'date': Timestamp('2021-05-19 00:00:00'), 'code': '1101', 'market': 'TWSE', 'pe': 12.08, 'dividend_yield': 6.93, 'pb': 1.46}]
    qfii ['date', 'code', 'market', 'shares_issued', 'foreign_shares', 'foreign_ratio'] [{'date': Timestamp('2021-05-19 00:00:00'), 'code': '0050', 'market': 'TWSE', 'shares_issued': 1236000000.0, 'foreign_shares': 158444023.0, 'foreign_ratio': 12.81}]
