2026-10-08 11:30:29,834 INFO ## 儲存空間

| 位置 | 大小 |
|---|---|
| master/prices | 62.8 MB |
| site/stock | 37.3 MB |
| master/margin | 28.8 MB |
| master/insti | 26.2 MB |
| site/bt | 24.6 MB |
| master/qfii | 13.8 MB |
| master/valuation | 12.4 MB |
| master/balance.parquet | 11.5 MB |
| master/cashflow.parquet | 6.9 MB |
| master/income.parquet | 4.5 MB |
| master/daytrade | 1.4 MB |
| master/indices | 1.1 MB |
| master/revenue.parquet | 1.1 MB |
| master/exright | 0.8 MB |
| site/snapshot.json.gz | 0.8 MB |
| master/sbl | 0.7 MB |
| master/_state | 0.4 MB |
| master/taiex_ohlc | 0.2 MB |
| site/indices.json.gz | 0.2 MB |
| master/index | 0.2 MB |
| master/dividend.parquet | 0.1 MB |
| master/margin_total | 0.1 MB |
| master/holders | 0.1 MB |
| master/company.parquet | 0.1 MB |
| master/events.parquet | 0.1 MB |
| master/block | 0.0 MB |
| master/securities.parquet | 0.0 MB |
| master/daytrade_total | 0.0 MB |
| master/market_insti | 0.0 MB |
| master/revenue_latest.parquet | 0.0 MB |
| master/etf_info.parquet | 0.0 MB |
| master/delisting.parquet | 0.0 MB |
| master/income_periods.parquet | 0.0 MB |
| master/pcr | 0.0 MB |
| site/market.json.gz | 0.0 MB |
| master/futures | 0.0 MB |
| site/events.json.gz | 0.0 MB |
| master/fx | 0.0 MB |
| master/fut_large | 0.0 MB |
| master/fut_insti | 0.0 MB |
| users/08d02868ff39b9d24fcbbf45821e731b | 0.0 MB |
| alerts/users.json | 0.0 MB |

合計 236.2 MB，3048 個檔
| master/prices | 62.8 MB |
| site/stock | 37.3 MB |
| master/margin | 28.8 MB |
| master/insti | 26.2 MB |
| site/bt | 24.6 MB |
| master/qfii | 13.8 MB |
| master/valuation | 12.4 MB |
| master/balance.parquet | 11.5 MB |
| master/cashflow.parquet | 6.9 MB |
| master/income.parquet | 4.5 MB |
| master/daytrade | 1.4 MB |
| master/indices | 1.1 MB |
| master/revenue.parquet | 1.1 MB |
| master/exright | 0.8 MB |
| site/snapshot.json.gz | 0.8 MB |
| master/sbl | 0.7 MB |
| master/_state | 0.4 MB |
| master/taiex_ohlc | 0.2 MB |
| site/indices.json.gz | 0.2 MB |
| master/index | 0.2 MB |
| master/dividend.parquet | 0.1 MB |
| master/margin_total | 0.1 MB |
| master/holders | 0.1 MB |
| master/company.parquet | 0.1 MB |
| master/events.parquet | 0.1 MB |
| master/block | 0.0 MB |
| master/securities.parquet | 0.0 MB |
| master/daytrade_total | 0.0 MB |
| master/market_insti | 0.0 MB |
| master/revenue_latest.parquet | 0.0 MB |
| master/etf_info.parquet | 0.0 MB |
| master/delisting.parquet | 0.0 MB |
| master/income_periods.parquet | 0.0 MB |
| master/pcr | 0.0 MB |
| site/market.json.gz | 0.0 MB |
| master/futures | 0.0 MB |
| site/events.json.gz | 0.0 MB |
| master/fx | 0.0 MB |
| master/fut_large | 0.0 MB |
| master/fut_insti | 0.0 MB |
| users/08d02868ff39b9d24fcbbf45821e731b | 0.0 MB |
| alerts/users.json | 0.0 MB | 
合計 236.2 MB
